<html>
<body>
<pre>
<h1>µVision Build Log</h1>
<h2>Tool Versions:</h2>
IDE-Version: ¦ÌVision V5.25.2.0
Copyright (C) 2018 ARM Ltd and ARM Germany GmbH. All rights reserved.
License Information:  ,  , LIC=R4HV2-9G6TB-UM09A-1SKXT-D8AHQ-XBF0U
 
Tool Versions:
Toolchain:       MDK-ARM Professional  Version: 5.25.2.0
Toolchain Path:  F:\Keil_v5\ARM\ARMCC\Bin
C Compiler:      Armcc.exe V5.06 update 6 (build 750)
Assembler:       Armasm.exe V5.06 update 6 (build 750)
Linker/Locator:  ArmLink.exe V5.06 update 6 (build 750)
Library Manager: ArmAr.exe V5.06 update 6 (build 750)
Hex Converter:   FromElf.exe V5.06 update 6 (build 750)
CPU DLL:         SARMCM3.DLL V5.25.2.0
Dialog DLL:      DCM.DLL V1.17.1.0
Target DLL:      CMSIS_AGDI.dll V1.29.10.0
Dialog DLL:      TCM.DLL V1.35.1.0
 
<h2>Project:</h2>
D:\×ÀÃæ\STM32F4-FreeRTOS\project\STM32F4-FreeRTOS.uvprojx
Project File Date:  12/06/2020

<h2>Output:</h2>
*** Using Compiler 'V5.06 update 6 (build 750)', folder: 'F:\Keil_v5\ARM\ARMCC\Bin'
Build target 'Target 1'
compiling main.c...
..\bsp\inc\led.h(15): warning:  #1-D: last line of file ends without a newline
  #endif
..\bsp\inc\uart.h(16): warning:  #1-D: last line of file ends without a newline
  #endif
..\user\main.c(36): warning:  #191-D: type qualifier is meaningless on cast type
                       (const uint16_t  )STACK_APP_SIZE,
..\user\main.c(37): warning:  #191-D: type qualifier is meaningless on cast type
                       (void * const    ) NULL,
..\user\main.c(55): warning:  #191-D: type qualifier is meaningless on cast type
                    (const uint16_t  ) STACK_LED_SIZE,
..\user\main.c(56): warning:  #191-D: type qualifier is meaningless on cast type
                    (void *const     ) NULL,
..\user\main.c(63): warning:  #191-D: type qualifier is meaningless on cast type
                    (const uint16_t  ) STACK_BULE_SIZE,
..\user\main.c(64): warning:  #191-D: type qualifier is meaningless on cast type
                    (void *const     ) NULL,
..\user\main.c(95): warning:  #1-D: last line of file ends without a newline
  }
..\user\main.c: 9 warnings, 0 errors
linking...
Program Size: Code=10392 RO-data=460 RW-data=172 ZI-data=78132  
".\Objects\STM32F4-FreeRTOS.axf" - 0 Error(s), 9 Warning(s).

<h2>Software Packages used:</h2>

Package Vendor: Keil
                http://www.keil.com/pack/Keil.STM32F4xx_DFP.2.5.0.pack
                Keil.STM32F4xx_DFP.2.5.0
                STMicroelectronics STM32F4 Series Device Support, Drivers and Examples

<h2>Collection of Component include folders:</h2>
  .\RTE\_Target_1
  F:\Keil_v5\ARM\PACK\Keil\STM32F4xx_DFP\2.5.0\Drivers\CMSIS\Device\ST\STM32F4xx\Include

<h2>Collection of Component Files used:</h2>
Build Time Elapsed:  00:00:02
</pre>
</body>
</html>
