<html>
<body>
<pre>
<h1>礦ision Build Log</h1>
<h2>Tool Versions:</h2>
IDE-Version: μVision V5.25.2.0
Copyright (C) 2018 ARM Ltd and ARM Germany GmbH. All rights reserved.
License Information:  ,  , LIC=1WSKC-7D71A-ZEYH2-9W7DV-BIKFI-N355H
 
Tool Versions:
Toolchain:       MDK-ARM Professional  Version: 5.25.2.0
Toolchain Path:  E:\Keil_v5\ARM\ARMCC\Bin
C Compiler:      Armcc.exe V5.06 update 6 (build 750)
Assembler:       Armasm.exe V5.06 update 6 (build 750)
Linker/Locator:  ArmLink.exe V5.06 update 6 (build 750)
Library Manager: ArmAr.exe V5.06 update 6 (build 750)
Hex Converter:   FromElf.exe V5.06 update 6 (build 750)
CPU DLL:         SARMCM3.DLL V5.25.2.0
Dialog DLL:      DCM.DLL V1.17.1.0
Target DLL:      CMSIS_AGDI.dll V1.29.10.0
Dialog DLL:      TCM.DLL V1.35.1.0
 
<h2>Project:</h2>
C:\Users\sky\Desktop\STM32F4-HAL\STM32F4\STM32F429-FreeRTOS\MDK-ARM\STM32F429.uvprojx
Project File Date:  06/29/2021

<h2>Output:</h2>
*** Using Compiler 'V5.06 update 6 (build 750)', folder: 'E:\Keil_v5\ARM\ARMCC\Bin'
*** Note: Rebuilding project, since 'Options->Output->Create Batch File' is selected.
Rebuild target 'STM32F429'
assembling startup_stm32f429xx.s...
compiling main.c...
..\LWIP\lwip_app\lwip_udp\udp_demo.h(7): warning:  #47-D: incompatible redefinition of macro "LWIP_SEND_DATA"  (declared at line 8 of "..\LWIP\lwip_app\lwip_tcp\lwip_tcp_demo.h")
  #define LWIP_SEND_DATA              0x80                    //定义有数据发送
..\LWIP\lwip_app\lwip_udp\udp_demo.h(11): warning:  #1-D: last line of file ends without a newline
  #endif
..\LWIP\lwip_app\lwip_socket\socket.h(7): warning:  #1-D: last line of file ends without a newline
  #endif
..\LWIP\lwip_app\lwip_http\httpserver_netconn.h(4): warning:  #47-D: incompatible redefinition of macro "FALSE"  (declared at line 10 of "..\LWIP\lwip_app\lwip_tcp\lwip_tcp_demo.h")
  #define FALSE               0
..\LWIP\lwip_app\lwip_http\httpserver_netconn.h(5): warning:  #47-D: incompatible redefinition of macro "TRUE"  (declared at line 11 of "..\LWIP\lwip_app\lwip_tcp\lwip_tcp_demo.h")
  #define TRUE                1
..\LWIP\lwip_app\lwip_http\httpserver_netconn.h(9): warning:  #1-D: last line of file ends without a newline
  #endif
..\APP\Inc\mqtt.h(103): warning:  #1-D: last line of file ends without a newline
  #endif
../Core/Src/main.c(133): warning:  #177-D: function "Sky_AppThread"  was declared but never referenced
  void Sky_AppThread(void *parameters)
../Core/Src/main.c(46): warning:  #177-D: function "Sky_TimerCallback"  was declared but never referenced
  static void Sky_TimerCallback(void *para);
../Core/Src/main.c: 9 warnings, 0 errors
compiling stm32f4xx_it.c...
compiling stm32f4xx_hal_msp.c...
compiling stm32f4xx_hal_tim.c...
compiling stm32f4xx_hal_tim_ex.c...
compiling stm32f4xx_hal_rcc.c...
compiling stm32f4xx_hal_rcc_ex.c...
compiling stm32f4xx_hal_flash.c...
compiling stm32f4xx_hal_flash_ex.c...
compiling stm32f4xx_hal_flash_ramfunc.c...
compiling stm32f4xx_hal_gpio.c...
compiling stm32f4xx_hal_dma_ex.c...
compiling stm32f4xx_hal_dma.c...
compiling stm32f4xx_hal_pwr.c...
compiling stm32f4xx_hal_pwr_ex.c...
compiling stm32f4xx_hal_cortex.c...
compiling stm32f4xx_hal.c...
compiling stm32f4xx_hal_exti.c...
compiling stm32f4xx_hal_uart.c...
compiling stm32f4xx_hal_adc.c...
compiling stm32f4xx_hal_adc_ex.c...
compiling stm32f4xx_hal_i2c.c...
compiling stm32f4xx_hal_i2c_ex.c...
compiling stm32f4xx_hal_can.c...
compiling stm32f4xx_hal_iwdg.c...
compiling stm32f4xx_hal_spi.c...
compiling stm32f4xx_hal_wwdg.c...
compiling stm32f4xx_hal_usart.c...
compiling stm32f4xx_hal_sram.c...
compiling stm32f4xx_ll_fmc.c...
compiling stm32f4xx_hal_eth.c...
compiling system_stm32f4xx.c...
compiling delay.c...
compiling uart.c...
..\BSP\src\uart.c(58): warning:  #1-D: last line of file ends without a newline
  }
..\BSP\src\uart.c: 1 warning, 0 errors
compiling key.c...
compiling led.c...
compiling beep.c...
compiling can.c...
..\BSP\src\can.c(1): warning:  #1-D: last line of file ends without a newline
  #include "can.h"
..\BSP\src\can.c: 1 warning, 0 errors
compiling lcd.c...
..\BSP\Inc\lcd.h(9): warning:  #1-D: last line of file ends without a newline
  #endif
..\BSP\src\lcd.c(52): warning:  #1-D: last line of file ends without a newline
  }
..\BSP\src\lcd.c(34): warning:  #177-D: variable "FMC_ReadWriteTim"  was declared but never referenced
      FMC_NORSRAM_TimingTypeDef   FMC_ReadWriteTim;
..\BSP\src\lcd.c(35): warning:  #177-D: variable "FMC_WriteTim"  was declared but never referenced
      FMC_NORSRAM_TimingTypeDef   FMC_WriteTim;
..\BSP\src\lcd.c: 4 warnings, 0 errors
compiling sensor.c...
..\BSP\src\sensor.c(1): warning:  #1-D: last line of file ends without a newline
  #include "sensor.h"
..\BSP\src\sensor.c: 1 warning, 0 errors
compiling i2c.c...
..\BSP\src\i2c.c(1): warning:  #1-D: last line of file ends without a newline
  #include "i2c.h"    
..\BSP\src\i2c.c: 1 warning, 0 errors
compiling sys.c...
compiling myiic.c...
compiling lan8720.c...
compiling pcf8574.c...
compiling croutine.c...
compiling event_groups.c...
compiling list.c...
compiling queue.c...
compiling tasks.c...
compiling timers.c...
compiling heap_4.c...
compiling port.c...
compiling mqtt.c...
..\APP\Inc\mqtt.h(103): warning:  #1-D: last line of file ends without a newline
  #endif
..\MQTTPacket\port\transport.h(10): warning:  #1-D: last line of file ends without a newline
  #endif
..\APP\Inc\cJSON_Process.h(26): warning:  #1-D: last line of file ends without a newline
  #endif
..\APP\src\mqtt.c: 3 warnings, 0 errors
compiling cJSON.c...
compiling cJSON_Process.c...
..\APP\Inc\cJSON_Process.h(26): warning:  #1-D: last line of file ends without a newline
  #endif
..\APP\src\cJSON_Process.c(63): warning:  #550-D: variable "json_name"  was set but never used
      cJSON *root, *json_name, *json_stu;
..\APP\src\cJSON_Process.c(63): warning:  #550-D: variable "json_stu"  was set but never used
      cJSON *root, *json_name, *json_stu;
..\APP\src\cJSON_Process.c: 3 warnings, 0 errors
compiling lwip_comm.c...
compiling udp_demo.c...
..\LWIP\lwip_app\lwip_udp\udp_demo.h(7): warning:  #47-D: incompatible redefinition of macro "LWIP_SEND_DATA"  (declared at line 8 of "..\LWIP\lwip_app\lwip_tcp\lwip_tcp_demo.h")
  #define LWIP_SEND_DATA              0x80                    //定义有数据发送
..\LWIP\lwip_app\lwip_udp\udp_demo.h(11): warning:  #1-D: last line of file ends without a newline
  #endif
..\LWIP\lwip_app\lwip_udp\udp_demo.c(111): warning:  #1-D: last line of file ends without a newline
  }
..\LWIP\lwip_app\lwip_udp\udp_demo.c: 3 warnings, 0 errors
compiling socket.c...
..\LWIP\lwip_app\lwip_socket\socket.h(7): warning:  #1-D: last line of file ends without a newline
  #endif
..\LWIP\lwip_app\lwip_socket\socket.c(61): warning:  #1-D: last line of file ends without a newline
  }
..\LWIP\lwip_app\lwip_socket\socket.c: 2 warnings, 0 errors
compiling httpserver_netconn.c...
..\LWIP\lwip_app\lwip_http\httpserver_netconn.h(9): warning:  #1-D: last line of file ends without a newline
  #endif
..\LWIP\lwip_app\lwip_http\httpserver_netconn.c(160): warning:  #111-D: statement is unreachable
      vTaskDelete(NULL);
..\LWIP\lwip_app\lwip_http\httpserver_netconn.c(162): warning:  #1-D: last line of file ends without a newline
  }
..\LWIP\lwip_app\lwip_http\httpserver_netconn.c(63): warning:  #177-D: variable "http_html_hdr"  was declared but never referenced
  const static char http_html_hdr[] ="HTTP/1.1 200 OK\r\nContent-type: text/html\r\n\r\n";
..\LWIP\lwip_app\lwip_http\httpserver_netconn.c(85): warning:  #177-D: variable "http_index_html"  was declared but never referenced
  static const char http_index_html[] ="<html><head><title>Congrats!</title></head>\
..\LWIP\lwip_app\lwip_http\httpserver_netconn.c(95): warning:  #177-D: variable "led_on"  was declared but never referenced
  static _Bool led_on =FALSE;
..\LWIP\lwip_app\lwip_http\httpserver_netconn.c: 6 warnings, 0 errors
compiling etharp.c...
compiling ethernetif.c...
compiling def.c...
compiling dhcp.c...
compiling dns.c...
compiling init.c...
compiling lwip_sys.c...
compiling mem.c...
compiling memp.c...
compiling netif.c...
compiling pbuf.c...
compiling raw.c...
compiling stats.c...
compiling tcp.c...
compiling tcp_in.c...
compiling tcp_out.c...
..\LWIP\lwip-1.4.1\src\core\tcp_out.c(845): warning:  #550-D: variable "tcphdr"  was set but never used
    struct tcp_hdr *tcphdr;
..\LWIP\lwip-1.4.1\src\core\tcp_out.c(1367): warning:  #550-D: variable "tcphdr"  was set but never used
    struct tcp_hdr *tcphdr;
..\LWIP\lwip-1.4.1\src\core\tcp_out.c: 2 warnings, 0 errors
compiling timers.c...
compiling udp.c...
compiling autoip.c...
compiling icmp.c...
compiling igmp.c...
compiling inet.c...
compiling inet_chksum.c...
compiling ip.c...
compiling ip_addr.c...
compiling ip_frag.c...
compiling sys_arch.c...
compiling api_lib.c...
compiling api_msg.c...
compiling err.c...
compiling netbuf.c...
compiling netdb.c...
compiling netifapi.c...
compiling sockets.c...
compiling tcpip.c...
compiling MQTTConnectClient.c...
compiling MQTTConnectServer.c...
compiling MQTTDeserializePublish.c...
compiling MQTTFormat.c...
compiling MQTTPacket.c...
compiling MQTTSerializePublish.c...
compiling MQTTSubscribeClient.c...
compiling MQTTSubscribeServer.c...
compiling MQTTUnsubscribeClient.c...
compiling MQTTUnsubscribeServer.c...
compiling transport.c...
..\MQTTPacket\port\transport.h(10): warning:  #1-D: last line of file ends without a newline
  #endif
..\MQTTPacket\port\transport.c(88): warning:  #1-D: last line of file ends without a newline
  }
..\MQTTPacket\port\transport.c: 2 warnings, 0 errors
linking...
Program Size: Code=72260 RO-data=1132 RW-data=384 ZI-data=80328  
FromELF: creating hex file...
"STM32F429\STM32F429.axf" - 0 Error(s), 38 Warning(s).

<h2>Software Packages used:</h2>

Package Vendor: ARM
                http://www.keil.com/pack/ARM.CMSIS.5.7.0.pack
                ARM.CMSIS.5.7.0
                CMSIS (Cortex Microcontroller Software Interface Standard)
   * Component: CORE Version: 5.4.0

Package Vendor: Keil
                http://www.keil.com/pack/Keil.STM32F4xx_DFP.2.9.0.pack
                Keil.STM32F4xx_DFP.2.9.0
                STMicroelectronics STM32F4 Series Device Support, Drivers and Examples

<h2>Collection of Component include folders:</h2>
  .\RTE\_STM32F429
  E:\Keil_v5\ARM\PACK\ARM\CMSIS\5.7.0\CMSIS\Core\Include
  E:\Keil_v5\ARM\PACK\Keil\STM32F4xx_DFP\2.9.0\Drivers\CMSIS\Device\ST\STM32F4xx\Include

<h2>Collection of Component Files used:</h2>

   * Component: ARM::CMSIS:CORE:5.4.0
Build Time Elapsed:  00:00:31
</pre>
</body>
</html>
