Component: ARM Compiler 5.06 update 6 (build 750) Tool: armlink [4d35ed]

==============================================================================

Section Cross References

    startup_stm32f429xx.o(RESET) refers to startup_stm32f429xx.o(STACK) for __initial_sp
    startup_stm32f429xx.o(RESET) refers to startup_stm32f429xx.o(.text) for Reset_Handler
    startup_stm32f429xx.o(RESET) refers to stm32f4xx_it.o(i.NMI_Handler) for NMI_Handler
    startup_stm32f429xx.o(RESET) refers to stm32f4xx_it.o(i.HardFault_Handler) for HardFault_Handler
    startup_stm32f429xx.o(RESET) refers to stm32f4xx_it.o(i.MemManage_Handler) for MemManage_Handler
    startup_stm32f429xx.o(RESET) refers to stm32f4xx_it.o(i.BusFault_Handler) for BusFault_Handler
    startup_stm32f429xx.o(RESET) refers to stm32f4xx_it.o(i.UsageFault_Handler) for UsageFault_Handler
    startup_stm32f429xx.o(RESET) refers to port.o(.emb_text) for SVC_Handler
    startup_stm32f429xx.o(RESET) refers to stm32f4xx_it.o(i.DebugMon_Handler) for DebugMon_Handler
    startup_stm32f429xx.o(RESET) refers to delay.o(i.SysTick_Handler) for SysTick_Handler
    startup_stm32f429xx.o(RESET) refers to lan8720.o(i.ETH_IRQHandler) for ETH_IRQHandler
    startup_stm32f429xx.o(.text) refers to system_stm32f4xx.o(i.SystemInit) for SystemInit
    startup_stm32f429xx.o(.text) refers to entry.o(.ARM.Collect$$$$00000000) for __main
    main.o(i.Sky_StartThread) refers to printfa.o(i.__0printf) for __2printf
    main.o(i.Sky_StartThread) refers to lwip_comm.o(i.lwip_comm_init) for lwip_comm_init
    main.o(i.Sky_StartThread) refers to mqtt.o(i.Sky_mqtt_thread_init) for Sky_mqtt_thread_init
    main.o(i.Sky_StartThread) refers to tasks.o(i.vTaskDelete) for vTaskDelete
    main.o(i.Sky_StartThread) refers to tasks.o(i.vTaskStartScheduler) for vTaskStartScheduler
    main.o(i.Sky_StartThread) refers to main.o(.data) for .data
    main.o(i.SystemClock_Config) refers to memseta.o(.text) for __aeabi_memclr4
    main.o(i.SystemClock_Config) refers to stm32f4xx_hal_rcc.o(i.HAL_RCC_OscConfig) for HAL_RCC_OscConfig
    main.o(i.SystemClock_Config) refers to stm32f4xx_hal_pwr_ex.o(i.HAL_PWREx_EnableOverDrive) for HAL_PWREx_EnableOverDrive
    main.o(i.SystemClock_Config) refers to stm32f4xx_hal_rcc.o(i.HAL_RCC_ClockConfig) for HAL_RCC_ClockConfig
    main.o(i.main) refers to stm32f4xx_hal.o(i.HAL_Init) for HAL_Init
    main.o(i.main) refers to main.o(i.SystemClock_Config) for SystemClock_Config
    main.o(i.main) refers to key.o(i.key_init) for key_init
    main.o(i.main) refers to led.o(i.led_init) for led_init
    main.o(i.main) refers to uart.o(i.uart1_init) for uart1_init
    main.o(i.main) refers to pcf8574.o(i.PCF8574_Init) for PCF8574_Init
    main.o(i.main) refers to printfa.o(i.__0printf) for __2printf
    main.o(i.main) refers to tasks.o(i.xTaskCreate) for xTaskCreate
    main.o(i.main) refers to tasks.o(i.vTaskStartScheduler) for vTaskStartScheduler
    main.o(i.main) refers to main.o(.data) for .data
    main.o(i.main) refers to main.o(i.Sky_StartThread) for Sky_StartThread
    stm32f4xx_hal_tim.o(i.HAL_TIM_Base_DeInit) refers to stm32f4xx_hal_tim.o(i.HAL_TIM_Base_MspDeInit) for HAL_TIM_Base_MspDeInit
    stm32f4xx_hal_tim.o(i.HAL_TIM_Base_Init) refers to stm32f4xx_hal_tim.o(i.HAL_TIM_Base_MspInit) for HAL_TIM_Base_MspInit
    stm32f4xx_hal_tim.o(i.HAL_TIM_Base_Init) refers to stm32f4xx_hal_tim.o(i.TIM_Base_SetConfig) for TIM_Base_SetConfig
    stm32f4xx_hal_tim.o(i.HAL_TIM_Base_Start_DMA) refers to stm32f4xx_hal_dma.o(i.HAL_DMA_Start_IT) for HAL_DMA_Start_IT
    stm32f4xx_hal_tim.o(i.HAL_TIM_Base_Start_DMA) refers to stm32f4xx_hal_tim.o(i.TIM_DMAPeriodElapsedCplt) for TIM_DMAPeriodElapsedCplt
    stm32f4xx_hal_tim.o(i.HAL_TIM_Base_Start_DMA) refers to stm32f4xx_hal_tim.o(i.TIM_DMAPeriodElapsedHalfCplt) for TIM_DMAPeriodElapsedHalfCplt
    stm32f4xx_hal_tim.o(i.HAL_TIM_Base_Start_DMA) refers to stm32f4xx_hal_tim.o(i.TIM_DMAError) for TIM_DMAError
    stm32f4xx_hal_tim.o(i.HAL_TIM_Base_Stop_DMA) refers to stm32f4xx_hal_dma.o(i.HAL_DMA_Abort_IT) for HAL_DMA_Abort_IT
    stm32f4xx_hal_tim.o(i.HAL_TIM_ConfigClockSource) refers to stm32f4xx_hal_tim.o(i.TIM_ETR_SetConfig) for TIM_ETR_SetConfig
    stm32f4xx_hal_tim.o(i.HAL_TIM_ConfigClockSource) refers to stm32f4xx_hal_tim.o(i.TIM_TI1_ConfigInputStage) for TIM_TI1_ConfigInputStage
    stm32f4xx_hal_tim.o(i.HAL_TIM_ConfigClockSource) refers to stm32f4xx_hal_tim.o(i.TIM_TI2_ConfigInputStage) for TIM_TI2_ConfigInputStage
    stm32f4xx_hal_tim.o(i.HAL_TIM_ConfigClockSource) refers to stm32f4xx_hal_tim.o(i.TIM_ITRx_SetConfig) for TIM_ITRx_SetConfig
    stm32f4xx_hal_tim.o(i.HAL_TIM_ConfigOCrefClear) refers to stm32f4xx_hal_tim.o(i.TIM_ETR_SetConfig) for TIM_ETR_SetConfig
    stm32f4xx_hal_tim.o(i.HAL_TIM_DMABurst_ReadStart) refers to stm32f4xx_hal_dma.o(i.HAL_DMA_Start_IT) for HAL_DMA_Start_IT
    stm32f4xx_hal_tim.o(i.HAL_TIM_DMABurst_ReadStart) refers to stm32f4xx_hal_tim.o(i.TIM_DMAError) for TIM_DMAError
[...]
    lwip_close                               0x080075bd   Thumb Code   102  sockets.o(i.lwip_close)
    lwip_comm_default_ip_set                 0x08007691   Thumb Code    82  lwip_comm.o(i.lwip_comm_default_ip_set)
    lwip_comm_init                           0x080076e9   Thumb Code   222  lwip_comm.o(i.lwip_comm_init)
    lwip_comm_mem_free                       0x0800789d   Thumb Code    22  lwip_comm.o(i.lwip_comm_mem_free)
    lwip_comm_mem_malloc                     0x080078bd   Thumb Code    54  lwip_comm.o(i.lwip_comm_mem_malloc)
    lwip_connect                             0x080078fd   Thumb Code   104  sockets.o(i.lwip_connect)
    lwip_htonl                               0x080079dd   Thumb Code     4  def.o(i.lwip_htonl)
    lwip_htons                               0x080079e1   Thumb Code     4  def.o(i.lwip_htons)
    lwip_init                                0x080079e5   Thumb Code    38  init.o(i.lwip_init)
    lwip_ntohl                               0x08007a0b   Thumb Code     4  def.o(i.lwip_ntohl)
    lwip_ntohs                               0x08007a0f   Thumb Code     4  def.o(i.lwip_ntohs)
    lwip_pkt_handle                          0x08007a15   Thumb Code     6  lwip_comm.o(i.lwip_pkt_handle)
    lwip_recv                                0x08007a21   Thumb Code    14  sockets.o(i.lwip_recv)
    lwip_recvfrom                            0x08007a31   Thumb Code   468  sockets.o(i.lwip_recvfrom)
    lwip_select                              0x08007c91   Thumb Code   668  sockets.o(i.lwip_select)
    lwip_send                                0x08008171   Thumb Code   116  sockets.o(i.lwip_send)
    lwip_sendto                              0x080081e9   Thumb Code   204  sockets.o(i.lwip_sendto)
    lwip_shutdown                            0x08008351   Thumb Code   108  sockets.o(i.lwip_shutdown)
    lwip_socket                              0x080083c1   Thumb Code   104  sockets.o(i.lwip_socket)
    lwip_socket_init                         0x0800842d   Thumb Code     2  sockets.o(i.lwip_socket_init)
    lwip_write                               0x08008489   Thumb Code     6  sockets.o(i.lwip_write)
    main                                     0x08008491   Thumb Code    80  main.o(i.main)
    mem_free                                 0x08008521   Thumb Code   140  mem.o(i.mem_free)
    mem_init                                 0x08008651   Thumb Code    76  mem.o(i.mem_init)
    mem_malloc                               0x0800870d   Thumb Code   276  mem.o(i.mem_malloc)
    mem_trim                                 0x08008915   Thumb Code   272  mem.o(i.mem_trim)
    memp_free                                0x08008ab1   Thumb Code    52  memp.o(i.memp_free)
    memp_get_memorysize                      0x08008b59   Thumb Code     6  memp.o(i.memp_get_memorysize)
    memp_init                                0x08008b61   Thumb Code    82  memp.o(i.memp_init)
    memp_malloc                              0x08008bc1   Thumb Code    76  memp.o(i.memp_malloc)
    mqtt_pktype_ctl                          0x08008ca5   Thumb Code   214  mqtt.o(i.mqtt_pktype_ctl)
    netbuf_delete                            0x08008d81   Thumb Code    34  netbuf.o(i.netbuf_delete)
    netbuf_free                              0x08008da5   Thumb Code    38  netbuf.o(i.netbuf_free)
    netbuf_ref                               0x08008e39   Thumb Code    78  netbuf.o(i.netbuf_ref)
    netconn_alloc                            0x08008ef1   Thumb Code   148  api_msg.o(i.netconn_alloc)
    netconn_connect                          0x080090bd   Thumb Code    72  api_lib.o(i.netconn_connect)
    netconn_delete                           0x0800917d   Thumb Code    32  api_lib.o(i.netconn_delete)
    netconn_free                             0x080092d5   Thumb Code   104  api_msg.o(i.netconn_free)
    netconn_getaddr                          0x08009439   Thumb Code    96  api_lib.o(i.netconn_getaddr)
    netconn_new_with_proto_and_callback      0x08009551   Thumb Code   152  api_lib.o(i.netconn_new_with_proto_and_callback)
    netconn_recv                             0x080096bd   Thumb Code   194  api_lib.o(i.netconn_recv)
    netconn_recv_tcp_pbuf                    0x08009a09   Thumb Code    38  api_lib.o(i.netconn_recv_tcp_pbuf)
    netconn_recved                           0x08009aa1   Thumb Code    40  api_lib.o(i.netconn_recved)
    netconn_send                             0x08009acd   Thumb Code    70  api_lib.o(i.netconn_send)
    netconn_shutdown                         0x08009b89   Thumb Code    14  api_lib.o(i.netconn_shutdown)
    netconn_write_partly                     0x08009b99   Thumb Code   162  api_lib.o(i.netconn_write_partly)
    netif_add                                0x08009cd5   Thumb Code    94  netif.o(i.netif_add)
    netif_init                               0x08009da1   Thumb Code     2  netif.o(i.netif_init)
    netif_set_addr                           0x08009da3   Thumb Code    32  netif.o(i.netif_set_addr)
    netif_set_default                        0x08009dc5   Thumb Code     6  netif.o(i.netif_set_default)
    netif_set_gw                             0x08009dd1   Thumb Code     8  netif.o(i.netif_set_gw)
    netif_set_ipaddr                         0x08009dd9   Thumb Code    96  netif.o(i.netif_set_ipaddr)
    netif_set_netmask                        0x08009e41   Thumb Code     8  netif.o(i.netif_set_netmask)
    netif_set_up                             0x08009e49   Thumb Code    32  netif.o(i.netif_set_up)
    pbuf_alloc                               0x0800a38d   Thumb Code   456  pbuf.o(i.pbuf_alloc)
    pbuf_alloced_custom                      0x0800a6e5   Thumb Code   100  pbuf.o(i.pbuf_alloced_custom)
    pbuf_cat                                 0x0800a7bd   Thumb Code    96  pbuf.o(i.pbuf_cat)
    pbuf_chain                               0x0800a8e5   Thumb Code    18  pbuf.o(i.pbuf_chain)
    pbuf_clen                                0x0800a8f7   Thumb Code    18  pbuf.o(i.pbuf_clen)
    pbuf_copy                                0x0800a909   Thumb Code   240  pbuf.o(i.pbuf_copy)
    pbuf_copy_partial                        0x0800aae9   Thumb Code   126  pbuf.o(i.pbuf_copy_partial)
    pbuf_free                                0x0800abfd   Thumb Code   186  pbuf.o(i.pbuf_free)
    pbuf_header                              0x0800ad69   Thumb Code   138  pbuf.o(i.pbuf_header)
    pbuf_realloc                             0x0800ae81   Thumb Code   186  pbuf.o(i.pbuf_realloc)
    pbuf_ref                                 0x0800b009   Thumb Code    26  pbuf.o(i.pbuf_ref)
    pvPortMalloc                             0x0800bbc1   Thumb Code   214  heap_4.o(i.pvPortMalloc)
    pvTaskIncrementMutexHeldCount            0x0800bcd5   Thumb Code    18  tasks.o(i.pvTaskIncrementMutexHeldCount)
    pxPortInitialiseStack                    0x0800bced   Thumb Code    40  port.o(i.pxPortInitialiseStack)
    raw_connect                              0x0800bd19   Thumb Code    10  raw.o(i.raw_connect)
    raw_input                                0x0800bd25   Thumb Code   104  raw.o(i.raw_input)
    raw_new                                  0x0800bd99   Thumb Code    38  raw.o(i.raw_new)
    raw_recv                                 0x0800bdc5   Thumb Code     6  raw.o(i.raw_recv)
    raw_remove                               0x0800bdcd   Thumb Code    40  raw.o(i.raw_remove)
    raw_send                                 0x0800bdf9   Thumb Code     6  raw.o(i.raw_send)
    raw_sendto                               0x0800be01   Thumb Code   160  raw.o(i.raw_sendto)
    readChar                                 0x0800bf19   Thumb Code    12  mqttpacket.o(i.readChar)
    readInt                                  0x0800bf25   Thumb Code    18  mqttpacket.o(i.readInt)
    readMQTTLenString                        0x0800bf37   Thumb Code    52  mqttpacket.o(i.readMQTTLenString)
    realloc                                  0x0800bf6d   Thumb Code   102  mallocr.o(i.realloc)
    sys_arch_mbox_fetch                      0x0800c411   Thumb Code   156  sys_arch.o(i.sys_arch_mbox_fetch)
    sys_arch_mbox_tryfetch                   0x0800c4b1   Thumb Code     6  sys_arch.o(i.sys_arch_mbox_tryfetch)
    sys_arch_sem_wait                        0x0800c4b7   Thumb Code   110  sys_arch.o(i.sys_arch_sem_wait)
    sys_init                                 0x0800c525   Thumb Code     2  sys_arch.o(i.sys_init)
    sys_mbox_free                            0x0800c527   Thumb Code    16  sys_arch.o(i.sys_mbox_free)
    sys_mbox_new                             0x0800c539   Thumb Code    52  sys_arch.o(i.sys_mbox_new)
    sys_mbox_post                            0x0800c5bd   Thumb Code    88  sys_arch.o(i.sys_mbox_post)
    sys_mbox_set_invalid                     0x0800c61d   Thumb Code     6  sys_arch.o(i.sys_mbox_set_invalid)
    sys_mbox_trypost                         0x0800c625   Thumb Code    88  sys_arch.o(i.sys_mbox_trypost)
    sys_mbox_valid                           0x0800c685   Thumb Code    10  sys_arch.o(i.sys_mbox_valid)
    sys_sem_free                             0x0800c68f   Thumb Code    16  sys_arch.o(i.sys_sem_free)
    sys_sem_new                              0x0800c69f   Thumb Code    24  sys_arch.o(i.sys_sem_new)
    sys_sem_set_invalid                      0x0800c6b7   Thumb Code     6  sys_arch.o(i.sys_sem_set_invalid)
    sys_sem_signal                           0x0800c6bd   Thumb Code    12  sys_arch.o(i.sys_sem_signal)
    sys_sem_valid                            0x0800c6c9   Thumb Code    10  sys_arch.o(i.sys_sem_valid)
    sys_thread_new                           0x0800c6d5   Thumb Code    56  sys_arch.o(i.sys_thread_new)
    sys_timeout                              0x0800c719   Thumb Code   104  timers_1.o(i.sys_timeout)
    sys_timeouts_init                        0x0800c819   Thumb Code    30  timers_1.o(i.sys_timeouts_init)
    sys_timeouts_mbox_fetch                  0x0800c841   Thumb Code    92  timers_1.o(i.sys_timeouts_mbox_fetch)
    sys_untimeout                            0x0800c8a1   Thumb Code    68  timers_1.o(i.sys_untimeout)
    tcp_abandon                              0x0800c8e9   Thumb Code   158  tcp.o(i.tcp_abandon)
    tcp_abort                                0x0800ca11   Thumb Code     6  tcp.o(i.tcp_abort)
    tcp_accept                               0x0800ca17   Thumb Code     4  tcp.o(i.tcp_accept)
    tcp_alloc                                0x0800ca1d   Thumb Code   236  tcp.o(i.tcp_alloc)
    tcp_arg                                  0x0800cb15   Thumb Code     4  tcp.o(i.tcp_arg)
    tcp_close                                0x0800cb19   Thumb Code    20  tcp.o(i.tcp_close)
    tcp_connect                              0x0800ccd1   Thumb Code   254  tcp.o(i.tcp_connect)
    tcp_eff_send_mss                         0x0800cef1   Thumb Code    32  tcp.o(i.tcp_eff_send_mss)
    tcp_enqueue_flags                        0x0800cf11   Thumb Code   286  tcp_out.o(i.tcp_enqueue_flags)
    tcp_err                                  0x0800d131   Thumb Code    32  tcp.o(i.tcp_err)
    tcp_fasttmr                              0x0800d1c9   Thumb Code    90  tcp.o(i.tcp_fasttmr)
    tcp_init                                 0x0800d229   Thumb Code     2  tcp.o(i.tcp_init)
    tcp_input                                0x0800d22d   Thumb Code   908  tcp_in.o(i.tcp_input)
    tcp_keepalive                            0x0800d749   Thumb Code    60  tcp_out.o(i.tcp_keepalive)
    tcp_new                                  0x0800d869   Thumb Code     6  tcp.o(i.tcp_new)
    tcp_next_iss                             0x0800d8cd   Thumb Code    12  tcp.o(i.tcp_next_iss)
    tcp_output                               0x0800d8dd   Thumb Code   432  tcp_out.o(i.tcp_output)
    tcp_pcb_purge                            0x0800de29   Thumb Code    58  tcp.o(i.tcp_pcb_purge)
    tcp_pcb_remove                           0x0800de65   Thumb Code   124  tcp.o(i.tcp_pcb_remove)
    tcp_poll                                 0x0800df69   Thumb Code    38  tcp.o(i.tcp_poll)
    tcp_process_refused_data                 0x0800e415   Thumb Code   102  tcp.o(i.tcp_process_refused_data)
    tcp_recv                                 0x0800eb19   Thumb Code    30  tcp.o(i.tcp_recv)
    tcp_recv_null                            0x0800ebb1   Thumb Code    36  tcp.o(i.tcp_recv_null)
    tcp_recved                               0x0800ebd5   Thumb Code   104  tcp.o(i.tcp_recved)
    tcp_rexmit                               0x0800ecd9   Thumb Code    82  tcp_out.o(i.tcp_rexmit)
    tcp_rexmit_fast                          0x0800ed2b   Thumb Code    88  tcp_out.o(i.tcp_rexmit_fast)
    tcp_rexmit_rto                           0x0800ed83   Thumb Code    46  tcp_out.o(i.tcp_rexmit_rto)
    tcp_rst                                  0x0800edb1   Thumb Code   138  tcp_out.o(i.tcp_rst)
    tcp_seg_free                             0x0800eec1   Thumb Code    28  tcp.o(i.tcp_seg_free)
    tcp_segs_free                            0x0800eedd   Thumb Code    18  tcp.o(i.tcp_segs_free)
    tcp_send_empty_ack                       0x0800eeef   Thumb Code    72  tcp_out.o(i.tcp_send_empty_ack)
    tcp_send_fin                             0x0800ef37   Thumb Code    68  tcp_out.o(i.tcp_send_fin)
    tcp_sent                                 0x0800ef7d   Thumb Code    30  tcp.o(i.tcp_sent)
    tcp_shutdown                             0x0800f015   Thumb Code    78  tcp.o(i.tcp_shutdown)
    tcp_slowtmr                              0x0800f065   Thumb Code   750  tcp.o(i.tcp_slowtmr)
    tcp_timer_needed                         0x0800f515   Thumb Code    36  timers_1.o(i.tcp_timer_needed)
    tcp_tmr                                  0x0800f5b5   Thumb Code    28  tcp.o(i.tcp_tmr)
    tcp_update_rcv_ann_wnd                   0x0800f5d5   Thumb Code    76  tcp.o(i.tcp_update_rcv_ann_wnd)
    tcp_write                                0x0800f68d   Thumb Code  1540  tcp_out.o(i.tcp_write)
    tcp_zero_window_probe                    0x0800fdc5   Thumb Code   138  tcp_out.o(i.tcp_zero_window_probe)
    tcpip_apimsg                             0x0800fe51   Thumb Code    58  tcpip.o(i.tcpip_apimsg)
    tcpip_init                               0x0800fe91   Thumb Code    62  tcpip.o(i.tcpip_init)
    tcpip_input                              0x0800ff5d   Thumb Code    70  tcpip.o(i.tcpip_input)
    transport_close                          0x080100dd   Thumb Code    34  transport.o(i.transport_close)
    transport_getdata                        0x08010105   Thumb Code    14  transport.o(i.transport_getdata)
    transport_open                           0x08010119   Thumb Code    82  transport.o(i.transport_open)
    transport_sendPacketBuffer               0x08010171   Thumb Code    12  transport.o(i.transport_sendPacketBuffer)
    uart1_init                               0x080101a1   Thumb Code    46  uart.o(i.uart1_init)
    udp_bind                                 0x080101d9   Thumb Code   184  udp.o(i.udp_bind)
    udp_connect                              0x080102f1   Thumb Code    70  udp.o(i.udp_connect)
    udp_init                                 0x0801033d   Thumb Code     2  udp.o(i.udp_init)
    udp_input                                0x08010341   Thumb Code   356  udp.o(i.udp_input)
    udp_new                                  0x08010529   Thumb Code    26  udp.o(i.udp_new)
    udp_recv                                 0x08010543   Thumb Code     6  udp.o(i.udp_recv)
    udp_remove                               0x08010549   Thumb Code    40  udp.o(i.udp_remove)
    udp_send                                 0x08010575   Thumb Code     8  udp.o(i.udp_send)
    udp_sendto                               0x0801057d   Thumb Code    40  udp.o(i.udp_sendto)
    udp_sendto_if                            0x080105a5   Thumb Code   202  udp.o(i.udp_sendto_if)
    uxListRemove                             0x080107c3   Thumb Code    36  list.o(i.uxListRemove)
    vListInitialise                          0x080107e7   Thumb Code    22  list.o(i.vListInitialise)
    vListInitialiseItem                      0x080107fd   Thumb Code     6  list.o(i.vListInitialiseItem)
    vListInsert                              0x08010803   Thumb Code    48  list.o(i.vListInsert)
    vListInsertEnd                           0x08010833   Thumb Code    24  list.o(i.vListInsertEnd)
    vPortEnterCritical                       0x0801084d   Thumb Code    50  port.o(i.vPortEnterCritical)
    vPortExitCritical                        0x080108c5   Thumb Code    34  port.o(i.vPortExitCritical)
    vPortFree                                0x08010929   Thumb Code    94  heap_4.o(i.vPortFree)
    vPortSetupTimerInterrupt                 0x080109c5   Thumb Code    26  port.o(i.vPortSetupTimerInterrupt)
    vPortValidateInterruptPriority           0x080109e5   Thumb Code    70  port.o(i.vPortValidateInterruptPriority)
    vQueueAddToRegistry                      0x08010a71   Thumb Code    34  queue.o(i.vQueueAddToRegistry)
    vQueueDelete                             0x08010a99   Thumb Code    34  queue.o(i.vQueueDelete)
    vQueueUnregisterQueue                    0x08010ae1   Thumb Code    36  queue.o(i.vQueueUnregisterQueue)
    vQueueWaitForMessageRestricted           0x08010b09   Thumb Code    68  queue.o(i.vQueueWaitForMessageRestricted)
    vTaskDelay                               0x08010b4d   Thumb Code    62  tasks.o(i.vTaskDelay)
    vTaskDelete                              0x08010bb9   Thumb Code   152  tasks.o(i.vTaskDelete)
    vTaskMissedYield                         0x08010c85   Thumb Code     8  tasks.o(i.vTaskMissedYield)
    vTaskPlaceOnEventList                    0x08010c91   Thumb Code    44  tasks.o(i.vTaskPlaceOnEventList)
    vTaskPlaceOnEventListRestricted          0x08010ce5   Thumb Code    52  tasks.o(i.vTaskPlaceOnEventListRestricted)
    vTaskPriorityInherit                     0x08010d41   Thumb Code   124  tasks.o(i.vTaskPriorityInherit)
    vTaskSetTimeOutState                     0x08010dc5   Thumb Code    30  tasks.o(i.vTaskSetTimeOutState)
    vTaskStartScheduler                      0x08010e0d   Thumb Code    96  tasks.o(i.vTaskStartScheduler)
    vTaskSuspendAll                          0x08010ea1   Thumb Code    10  tasks.o(i.vTaskSuspendAll)
    vTaskSwitchContext                       0x08010eb1   Thumb Code    80  tasks.o(i.vTaskSwitchContext)
    writeCString                             0x08010f2d   Thumb Code    40  mqttpacket.o(i.writeCString)
    writeChar                                0x08010f55   Thumb Code    12  mqttpacket.o(i.writeChar)
    writeInt                                 0x08010f61   Thumb Code    30  mqttpacket.o(i.writeInt)
    writeMQTTString                          0x08010f7f   Thumb Code    54  mqttpacket.o(i.writeMQTTString)
    xPortStartScheduler                      0x08010fb5   Thumb Code   190  port.o(i.xPortStartScheduler)
    xPortSysTickHandler                      0x080110c5   Thumb Code    38  port.o(i.xPortSysTickHandler)
    xQueueCreateCountingSemaphore            0x080110f1   Thumb Code    54  queue.o(i.xQueueCreateCountingSemaphore)
    xQueueGenericCreate                      0x0801114d   Thumb Code    82  queue.o(i.xQueueGenericCreate)
    xQueueGenericReceive                     0x080111c5   Thumb Code   348  queue.o(i.xQueueGenericReceive)
    xQueueGenericReset                       0x08011349   Thumb Code   128  queue.o(i.xQueueGenericReset)
    xQueueGenericSend                        0x080113f1   Thumb Code   344  queue.o(i.xQueueGenericSend)
    xQueueGenericSendFromISR                 0x08011571   Thumb Code   190  queue.o(i.xQueueGenericSendFromISR)
    xTaskCheckForTimeOut                     0x08011655   Thumb Code    94  tasks.o(i.xTaskCheckForTimeOut)
    xTaskCreate                              0x080116dd   Thumb Code    86  tasks.o(i.xTaskCreate)
    xTaskGetSchedulerState                   0x08011735   Thumb Code    22  tasks.o(i.xTaskGetSchedulerState)
    xTaskGetTickCount                        0x08011751   Thumb Code     6  tasks.o(i.xTaskGetTickCount)
    xTaskIncrementTick                       0x0801175d   Thumb Code   188  tasks.o(i.xTaskIncrementTick)
    xTaskPriorityDisinherit                  0x08011845   Thumb Code   136  tasks.o(i.xTaskPriorityDisinherit)
    xTaskRemoveFromEventList                 0x080118f9   Thumb Code   102  tasks.o(i.xTaskRemoveFromEventList)
    xTaskResumeAll                           0x08011991   Thumb Code   182  tasks.o(i.xTaskResumeAll)
    xTimerCreate                             0x08011a79   Thumb Code    74  timers.o(i.xTimerCreate)
    xTimerCreateTimerTask                    0x08011aed   Thumb Code    58  timers.o(i.xTimerCreateTimerTask)
    xTimerGenericCommand                     0x08011b61   Thumb Code    98  timers.o(i.xTimerGenericCommand)
    AHBPrescTable                            0x08011bf0   Data          16  system_stm32f4xx.o(.constdata)
    APBPrescTable                            0x08011c00   Data           8  system_stm32f4xx.o(.constdata)
    ethbroadcast                             0x08011c60   Data           6  etharp.o(.constdata)
    ethzero                                  0x08011c66   Data           6  etharp.o(.constdata)
    tcp_persist_backoff                      0x08011ca4   Data           7  tcp.o(.constdata)
    tcp_state_str                            0x08011cac   Data          44  tcp.o(.constdata)
    tcp_backoff                              0x08011cd8   Data          13  tcp.o(.constdata)
    tcp_pcb_lists                            0x08011ce8   Data          16  tcp.o(.constdata)
    NullMessage                              0x08011cf8   Data           4  sys_arch.o(.constdata)
    __ctype_categories                       0x08011d3c   Data          64  ctype_c.o(.constdata)
    Region$$Table$$Base                      0x08011e90   Number         0  anon$$obj.o(Region$$Table)
    Region$$Table$$Limit                     0x08011eb0   Number         0  anon$$obj.o(Region$$Table)
    SkyStartTask_Handler                     0x20000000   Data           4  main.o(.data)
    uwTickFreq                               0x20000004   Data           1  stm32f4xx_hal.o(.data)
    uwTickPrio                               0x20000008   Data           4  stm32f4xx_hal.o(.data)
    uwTick                                   0x2000000c   Data           4  stm32f4xx_hal.o(.data)
    SystemCoreClock                          0x20000010   Data           4  system_stm32f4xx.o(.data)
    DMARxDscrTab                             0x20000014   Data           4  lan8720.o(.data)
    DMATxDscrTab                             0x20000018   Data           4  lan8720.o(.data)
    Rx_Buff                                  0x2000001c   Data           4  lan8720.o(.data)
    Tx_Buff                                  0x20000020   Data           4  lan8720.o(.data)
    pxCurrentTCB                             0x20000024   Data           4  tasks.o(.data)
    MQTT_Socket                              0x2000009c   Data           4  mqtt.o(.data)
    Sky_MqttRecv_Handler                     0x200000a4   Data           4  mqtt.o(.data)
    ram_heap                                 0x200000c0   Data           4  mem.o(.data)
    memp_memory                              0x200000d4   Data           4  memp.o(.data)
    netif_list                               0x200000dc   Data           4  netif.o(.data)
    netif_default                            0x200000e0   Data           4  netif.o(.data)
    tcp_active_pcbs_changed                  0x200000e8   Data           1  tcp.o(.data)
    tcp_ticks                                0x200000f4   Data           4  tcp.o(.data)
    tcp_bound_pcbs                           0x200000f8   Data           4  tcp.o(.data)
    tcp_listen_pcbs                          0x200000fc   Data           4  tcp.o(.data)
    tcp_active_pcbs                          0x20000100   Data           4  tcp.o(.data)
    tcp_tw_pcbs                              0x20000104   Data           4  tcp.o(.data)
    tcp_tmp_pcb                              0x20000108   Data           4  tcp.o(.data)
    tcp_input_pcb                            0x20000124   Data           4  tcp_in.o(.data)
    udp_pcbs                                 0x20000134   Data           4  udp.o(.data)
    current_netif                            0x2000013c   Data           4  ip.o(.data)
    current_header                           0x20000140   Data           4  ip.o(.data)
    current_iphdr_src                        0x20000144   Data           4  ip.o(.data)
    current_iphdr_dest                       0x20000148   Data           4  ip.o(.data)
    LWIP_ThreadHandler                       0x20000154   Data           4  sys_arch.o(.data)
    __stdout                                 0x20000174   Data           4  stdout.o(.data)
    __microlib_freelist                      0x20000178   Data           4  mvars.o(.data)
    __microlib_freelist_initialised          0x2000017c   Data           4  mvars.o(.data)
    UART1_Handler                            0x20000180   Data          64  uart.o(.bss)
    ETH_Handler                              0x200001c0   Data          72  lan8720.o(.bss)
    xQueueRegistry                           0x20000208   Data          64  queue.o(.bss)
    mqtt_user_msg                            0x20013154   Data         564  mqtt.o(.bss)
    lwipdev                                  0x20013388   Data          23  lwip_comm.o(.bss)
    lwip_netif                               0x200133a0   Data          48  lwip_comm.o(.bss)
    __heap_base                              0x20013548   Data           0  startup_stm32f429xx.o(HEAP)
    __heap_limit                             0x20013748   Data           0  startup_stm32f429xx.o(HEAP)
    __initial_sp                             0x20013b48   Data           0  startup_stm32f429xx.o(STACK)



==============================================================================

Memory Map of the image

  Image Entry point : 0x080001ad

  Load Region LR_IROM1 (Base: 0x08000000, Size: 0x00012030, Max: 0x00100000, ABSOLUTE, COMPRESSED[0x00011ed8])

    Execution Region ER_IROM1 (Exec base: 0x08000000, Load base: 0x08000000, Size: 0x00011eb0, Max: 0x00100000, ABSOLUTE)

    Exec Addr    Load Addr    Size         Type   Attr      Idx    E Section Name        Object

    0x08000000   0x08000000   0x000001ac   Data   RO            3    RESET               startup_stm32f429xx.o
    0x080001ac   0x080001ac   0x00000000   Code   RO         9758  * .ARM.Collect$$$$00000000  mc_w.l(entry.o)
    0x080001ac   0x080001ac   0x00000004   Code   RO        10090    .ARM.Collect$$$$00000001  mc_w.l(entry2.o)
    0x080001b0   0x080001b0   0x00000004   Code   RO        10093    .ARM.Collect$$$$00000004  mc_w.l(entry5.o)
    0x080001b4   0x080001b4   0x00000000   Code   RO        10095    .ARM.Collect$$$$00000008  mc_w.l(entry7b.o)
    0x080001b4   0x080001b4   0x00000000   Code   RO        10097    .ARM.Collect$$$$0000000A  mc_w.l(entry8b.o)
    0x080001b4   0x080001b4   0x00000008   Code   RO        10098    .ARM.Collect$$$$0000000B  mc_w.l(entry9a.o)
    0x080001bc   0x080001bc   0x00000000   Code   RO        10100    .ARM.Collect$$$$0000000D  mc_w.l(entry10a.o)
    0x080001bc   0x080001bc   0x00000000   Code   RO        10102    .ARM.Collect$$$$0000000F  mc_w.l(entry11a.o)
    0x080001bc   0x080001bc   0x00000004   Code   RO        10091    .ARM.Collect$$$$00002712  mc_w.l(entry2.o)
    0x080001c0   0x080001c0   0x00000010   Code   RO         4956    .emb_text           sys.o
    0x080001d0   0x080001d0   0x000000b6   Code   RO         6065    .emb_text           port.o
    0x08000286   0x08000286   0x00000002   PAD
    0x08000288   0x08000288   0x00000024   Code   RO            4    .text               startup_stm32f429xx.o
    0x080002ac   0x080002ac   0x00000062   Code   RO         9761    .text               mc_w.l(uldiv.o)
    0x0800030e   0x0800030e   0x0000000c   Code   RO         9763    .text               mc_w.l(tolower.o)
    0x0800031a   0x0800031a   0x00000024   Code   RO         9765    .text               mc_w.l(memcpya.o)
    0x0800033e   0x0800033e   0x00000024   Code   RO         9767    .text               mc_w.l(memseta.o)
    0x08000362   0x08000362   0x0000000e   Code   RO         9769    .text               mc_w.l(strlen.o)
    0x08000370   0x08000370   0x0000001c   Code   RO         9771    .text               mc_w.l(strcmp.o)
    0x0800038c   0x0800038c   0x0000001a   Code   RO         9773    .text               mc_w.l(memcmp.o)
    0x080003a6   0x080003a6   0x0000001e   Code   RO         9777    .text               mc_w.l(strncmp.o)
    0x080003c4   0x080003c4   0x00000360   Code   RO        10072    .text               mc_w.l(scanf_fp.o)
    0x08000724   0x08000724   0x0000014e   Code   RO        10076    .text               mf_w.l(dadd.o)
    0x08000872   0x08000872   0x000000e4   Code   RO        10078    .text               mf_w.l(dmul.o)
    0x08000956   0x08000956   0x0000003e   Code   RO        10082    .text               mf_w.l(dfixi.o)
    0x08000994   0x08000994   0x00000030   Code   RO        10086    .text               mf_w.l(cdcmple.o)
    0x080009c4   0x080009c4   0x00000030   Code   RO        10088    .text               mf_w.l(cdrcmple.o)
    0x080009f4   0x080009f4   0x0000002c   Code   RO        10105    .text               mc_w.l(uidiv.o)
    0x08000a20   0x08000a20   0x0000001e   Code   RO        10107    .text               mc_w.l(llshl.o)
    0x08000a3e   0x08000a3e   0x00000020   Code   RO        10109    .text               mc_w.l(llushr.o)
    0x08000a5e   0x08000a5e   0x00000024   Code   RO        10111    .text               mc_w.l(llsshr.o)
    0x08000a82   0x08000a82   0x00000040   Code   RO        10117    .text               mc_w.l(_sgetc.o)
    0x08000ac2   0x08000ac2   0x00000002   PAD
    0x08000ac4   0x08000ac4   0x0000009c   Code   RO        10119    .text               mc_w.l(strtod.o)
    0x08000b60   0x08000b60   0x00000000   Code   RO        10121    .text               mc_w.l(iusefp.o)
    0x08000b60   0x08000b60   0x000000ba   Code   RO        10122    .text               mf_w.l(depilogue.o)
    0x08000c1a   0x08000c1a   0x000000de   Code   RO        10124    .text               mf_w.l(ddiv.o)
    0x08000cf8   0x08000cf8   0x00000018   Code   RO        10126    .text               mf_w.l(dfltul.o)
    0x08000d10   0x08000d10   0x00000030   Code   RO        10128    .text               mf_w.l(dfixul.o)
    0x08000d40   0x08000d40   0x00000038   Code   RO        10130    .text               mf_w.l(d2f.o)
    0x08000d78   0x08000d78   0x00000024   Code   RO        10132    .text               mc_w.l(init.o)
    0x08000d9c   0x08000d9c   0x0000000a   Code   RO        10134    .text               mc_w.l(isspace_c.o)
    0x08000da6   0x08000da6   0x0000006e   Code   RO        10138    .text               mf_w.l(fepilogue.o)
    0x08000e14   0x08000e14   0x00000028   Code   RO        10140    .text               mc_w.l(ctype_c.o)
    0x08000e3c   0x08000e3c   0x0000003a   Code   RO        10151    .text               mc_w.l(__dczerorl.o)
    0x08000e76   0x08000e76   0x00000002   Code   RO          311    i.BusFault_Handler  stm32f4xx_it.o
    0x08000e78   0x08000e78   0x000001dc   Code   RO         6145    i.Client_Connect    mqtt.o
    0x08001054   0x08001054   0x00000002   Code   RO          312    i.DebugMon_Handler  stm32f4xx_it.o
    0x08001056   0x08001056   0x00000002   PAD
    0x08001058   0x08001058   0x00000020   Code   RO         4575    i.ETH_Delay         stm32f4xx_hal_eth.o
    0x08001078   0x08001078   0x0000002e   Code   RO         4576    i.ETH_FlushTransmitFIFO  stm32f4xx_hal_eth.o
    0x080010a6   0x080010a6   0x0000001e   Code   RO         5050    i.ETH_GetRxPktSize  lan8720.o
    0x080010c4   0x080010c4   0x0000002c   Code   RO         5051    i.ETH_IRQHandler    lan8720.o
    0x080010f0   0x080010f0   0x00000124   Code   RO         4577    i.ETH_MACDMAConfig  stm32f4xx_hal_eth.o
    0x08001214   0x08001214   0x00000030   Code   RO         5053    i.ETH_Mem_Malloc    lan8720.o
    0x08001244   0x08001244   0x00000028   Code   RO         8539    i.Enter_Critical    sys_arch.o
    0x0800126c   0x0800126c   0x00000018   Code   RO         8540    i.Exit_Critcial     sys_arch.o
    0x08001284   0x08001284   0x00000016   Code   RO         2275    i.HAL_Delay         stm32f4xx_hal.o
    0x0800129a   0x0800129a   0x00000074   Code   RO         4580    i.HAL_ETH_DMARxDescListInit  stm32f4xx_hal_eth.o
    0x0800130e   0x0800130e   0x00000078   Code   RO         4581    i.HAL_ETH_DMATxDescListInit  stm32f4xx_hal_eth.o
    0x08001386   0x08001386   0x0000007a   Code   RO         4584    i.HAL_ETH_GetReceivedFrame  stm32f4xx_hal_eth.o
    0x08001400   0x08001400   0x000001e8   Code   RO         4588    i.HAL_ETH_Init      stm32f4xx_hal_eth.o
    0x080015e8   0x080015e8   0x000000e4   Code   RO         5054    i.HAL_ETH_MspInit   lan8720.o
    0x080016cc   0x080016cc   0x00000084   Code   RO         4591    i.HAL_ETH_ReadPHYRegister  stm32f4xx_hal_eth.o
    0x08001750   0x08001750   0x00000084   Code   RO         4593    i.HAL_ETH_Start     stm32f4xx_hal_eth.o
    0x080017d4   0x080017d4   0x00000108   Code   RO         4595    i.HAL_ETH_TransmitFrame  stm32f4xx_hal_eth.o
    0x080018dc   0x080018dc   0x00000078   Code   RO         4597    i.HAL_ETH_WritePHYRegister  stm32f4xx_hal_eth.o
    0x08001954   0x08001954   0x000001d4   Code   RO         1731    i.HAL_GPIO_Init     stm32f4xx_hal_gpio.o
    0x08001b28   0x08001b28   0x0000000a   Code   RO         1735    i.HAL_GPIO_WritePin  stm32f4xx_hal_gpio.o
    0x08001b32   0x08001b32   0x00000002   PAD
    0x08001b34   0x08001b34   0x0000000c   Code   RO         2283    i.HAL_GetTick       stm32f4xx_hal.o
    0x08001b40   0x08001b40   0x00000010   Code   RO         2289    i.HAL_IncTick       stm32f4xx_hal.o
    0x08001b50   0x08001b50   0x00000034   Code   RO         2290    i.HAL_Init          stm32f4xx_hal.o
    0x08001b84   0x08001b84   0x00000022   Code   RO         2291    i.HAL_InitTick      stm32f4xx_hal.o
    0x08001ba6   0x08001ba6   0x00000002   PAD
    0x08001ba8   0x08001ba8   0x00000030   Code   RO          372    i.HAL_MspInit       stm32f4xx_hal_msp.o
    0x08001bd8   0x08001bd8   0x0000001a   Code   RO         2138    i.HAL_NVIC_EnableIRQ  stm32f4xx_hal_cortex.o
    0x08001bf2   0x08001bf2   0x00000002   PAD
    0x08001bf4   0x08001bf4   0x00000040   Code   RO         2144    i.HAL_NVIC_SetPriority  stm32f4xx_hal_cortex.o
    0x08001c34   0x08001c34   0x00000024   Code   RO         2145    i.HAL_NVIC_SetPriorityGrouping  stm32f4xx_hal_cortex.o
    0x08001c58   0x08001c58   0x00000070   Code   RO         2067    i.HAL_PWREx_EnableOverDrive  stm32f4xx_hal_pwr_ex.o
    0x08001cc8   0x08001cc8   0x00000134   Code   RO         1325    i.HAL_RCC_ClockConfig  stm32f4xx_hal_rcc.o
    0x08001dfc   0x08001dfc   0x0000000c   Code   RO         1330    i.HAL_RCC_GetHCLKFreq  stm32f4xx_hal_rcc.o
    0x08001e08   0x08001e08   0x00000020   Code   RO         1332    i.HAL_RCC_GetPCLK1Freq  stm32f4xx_hal_rcc.o
    0x08001e28   0x08001e28   0x00000020   Code   RO         1333    i.HAL_RCC_GetPCLK2Freq  stm32f4xx_hal_rcc.o
    0x08001e48   0x08001e48   0x00000064   Code   RO         1334    i.HAL_RCC_GetSysClockFreq  stm32f4xx_hal_rcc.o
    0x08001eac   0x08001eac   0x0000035c   Code   RO         1337    i.HAL_RCC_OscConfig  stm32f4xx_hal_rcc.o
    0x08002208   0x08002208   0x00000028   Code   RO         2149    i.HAL_SYSTICK_Config  stm32f4xx_hal_cortex.o
    0x08002230   0x08002230   0x00000062   Code   RO         2563    i.HAL_UART_Init     stm32f4xx_hal_uart.o
    0x08002292   0x08002292   0x00000002   PAD
    0x08002294   0x08002294   0x0000007c   Code   RO         4802    i.HAL_UART_MspInit  uart.o
    0x08002310   0x08002310   0x00000002   Code   RO          313    i.HardFault_Handler  stm32f4xx_it.o
    0x08002312   0x08002312   0x00000002   PAD
    0x08002314   0x08002314   0x00000040   Code   RO         4984    i.IIC_Ack           myiic.o
    0x08002354   0x08002354   0x00000048   Code   RO         4985    i.IIC_Init          myiic.o
    0x0800239c   0x0800239c   0x00000040   Code   RO         4986    i.IIC_NAck          myiic.o
    0x080023dc   0x080023dc   0x00000068   Code   RO         4987    i.IIC_Read_Byte     myiic.o
    0x08002444   0x08002444   0x00000060   Code   RO         4988    i.IIC_Send_Byte     myiic.o
    0x080024a4   0x080024a4   0x00000040   Code   RO         4989    i.IIC_Start         myiic.o
    0x080024e4   0x080024e4   0x00000044   Code   RO         4990    i.IIC_Stop          myiic.o
    0x08002528   0x08002528   0x00000054   Code   RO         4991    i.IIC_Wait_Ack      myiic.o
    0x0800257c   0x0800257c   0x00000088   Code   RO         5056    i.LAN8720_Init      lan8720.o
    0x08002604   0x08002604   0x00000048   Code   RO         9392    i.MQTTDeserialize_ack  mqttdeserializepublish.o
    0x0800264c   0x0800264c   0x0000005c   Code   RO         9326    i.MQTTDeserialize_connack  mqttconnectclient.o
    0x080026a8   0x080026a8   0x0000008c   Code   RO         9393    i.MQTTDeserialize_publish  mqttdeserializepublish.o
    0x08002734   0x08002734   0x0000007c   Code   RO         9618    i.MQTTDeserialize_suback  mqttsubscribeclient.o
    0x080027b0   0x080027b0   0x00000036   Code   RO         9468    i.MQTTPacket_decode  mqttpacket.o
    0x080027e6   0x080027e6   0x00000002   PAD
    0x080027e8   0x080027e8   0x00000014   Code   RO         9469    i.MQTTPacket_decodeBuf  mqttpacket.o
    0x080027fc   0x080027fc   0x0000002a   Code   RO         9470    i.MQTTPacket_encode  mqttpacket.o
    0x08002826   0x08002826   0x00000002   PAD
    0x08002828   0x08002828   0x00000028   Code   RO         9472    i.MQTTPacket_len    mqttpacket.o
    0x08002850   0x08002850   0x0000004e   Code   RO         9473    i.MQTTPacket_read   mqttpacket.o
    0x0800289e   0x0800289e   0x00000048   Code   RO         9576    i.MQTTSerialize_ack  mqttserializepublish.o
    0x080028e6   0x080028e6   0x00000002   PAD
    0x080028e8   0x080028e8   0x00000118   Code   RO         9327    i.MQTTSerialize_connect  mqttconnectclient.o
    0x08002a00   0x08002a00   0x00000076   Code   RO         9328    i.MQTTSerialize_connectLength  mqttconnectclient.o
    0x08002a76   0x08002a76   0x00000006   Code   RO         9330    i.MQTTSerialize_pingreq  mqttconnectclient.o
    0x08002a7c   0x08002a7c   0x0000000e   Code   RO         9577    i.MQTTSerialize_puback  mqttserializepublish.o
    0x08002a8a   0x08002a8a   0x0000000e   Code   RO         9578    i.MQTTSerialize_pubcomp  mqttserializepublish.o
    0x08002a98   0x08002a98   0x0000008c   Code   RO         9619    i.MQTTSerialize_subscribe  mqttsubscribeclient.o
    0x08002b24   0x08002b24   0x0000002e   Code   RO         9620    i.MQTTSerialize_subscribeLength  mqttsubscribeclient.o
    0x08002b52   0x08002b52   0x00000032   Code   RO         9331    i.MQTTSerialize_zero  mqttconnectclient.o
    0x08002b84   0x08002b84   0x000000f4   Code   RO         6148    i.MQTTSubscribe     mqtt.o
    0x08002c78   0x08002c78   0x00000158   Code   RO         6149    i.MQTT_Connect      mqtt.o
    0x08002dd0   0x08002dd0   0x00000080   Code   RO         6150    i.MQTT_PingReq      mqtt.o
    0x08002e50   0x08002e50   0x0000000e   Code   RO         9475    i.MQTTstrlen        mqttpacket.o
    0x08002e5e   0x08002e5e   0x00000002   Code   RO          314    i.MemManage_Handler  stm32f4xx_it.o
    0x08002e60   0x08002e60   0x00000002   Code   RO          315    i.NMI_Handler       stm32f4xx_it.o
    0x08002e62   0x08002e62   0x00000002   PAD
    0x08002e64   0x08002e64   0x0000005c   Code   RO         5128    i.PCF8574_Init      pcf8574.o
    0x08002ec0   0x08002ec0   0x00000020   Code   RO         5130    i.PCF8574_ReadOneByte  pcf8574.o
    0x08002ee0   0x08002ee0   0x00000020   Code   RO         5131    i.PCF8574_WriteBit  pcf8574.o
    0x08002f00   0x08002f00   0x0000002a   Code   RO         5132    i.PCF8574_WriteOneByte  pcf8574.o
    0x08002f2a   0x08002f2a   0x00000002   PAD
    0x08002f2c   0x08002f2c   0x00000048   Code   RO         6909    i.Proscess          cjson_process.o
    0x08002f74   0x08002f74   0x00000060   Code   RO         6151    i.ReadPacketTimeout  mqtt.o
    0x08002fd4   0x08002fd4   0x00000058   Code   RO           14    i.Sky_StartThread   main.o
    0x0800302c   0x0800302c   0x00000114   Code   RO         6152    i.Sky_mqtt_recv_thread  mqtt.o
    0x08003140   0x08003140   0x00000054   Code   RO         6153    i.Sky_mqtt_thread_init  mqtt.o
    0x08003194   0x08003194   0x00000016   Code   RO         4766    i.SysTick_Handler   delay.o
    0x080031aa   0x080031aa   0x00000002   PAD
    0x080031ac   0x080031ac   0x000000a0   Code   RO           15    i.SystemClock_Config  main.o
    0x0800324c   0x0800324c   0x0000001c   Code   RO         4729    i.SystemInit        system_stm32f4xx.o
    0x08003268   0x08003268   0x00000128   Code   RO         2589    i.UART_SetConfig    stm32f4xx_hal_uart.o
    0x08003390   0x08003390   0x00000002   Code   RO          316    i.UsageFault_Handler  stm32f4xx_it.o
    0x08003392   0x08003392   0x00000002   PAD
    0x08003394   0x08003394   0x00000118   Code   RO         6154    i.UserMsgCtl        mqtt.o
    0x080034ac   0x080034ac   0x00000020   Code   RO        10014    i.__0printf         mc_w.l(printfa.o)
    0x080034cc   0x080034cc   0x00000020   Code   RO         2151    i.__NVIC_SetPriority  stm32f4xx_hal_cortex.o
    0x080034ec   0x080034ec   0x0000005c   Code   RO        10046    i.__free$realloc    mc_w.l(mallocr.o)
    0x08003548   0x08003548   0x00000028   Code   RO         9752    i.__hardfp_strtod   m_wm.l(strtod.o)
    0x08003570   0x08003570   0x00000050   Code   RO        10047    i.__malloc$realloc  mc_w.l(mallocr.o)
    0x080035c0   0x080035c0   0x0000000e   Code   RO        10145    i.__scatterload_copy  mc_w.l(handlers.o)
    0x080035ce   0x080035ce   0x00000002   Code   RO        10146    i.__scatterload_null  mc_w.l(handlers.o)
    0x080035d0   0x080035d0   0x0000000e   Code   RO        10147    i.__scatterload_zeroinit  mc_w.l(handlers.o)
    0x080035de   0x080035de   0x00000002   PAD
    0x080035e0   0x080035e0   0x00000184   Code   RO        10021    i._fp_digits        mc_w.l(printfa.o)
    0x08003764   0x08003764   0x0000000e   Code   RO        10074    i._is_digit         mc_w.l(scanf_fp.o)
    0x08003772   0x08003772   0x00000002   PAD
    0x08003774   0x08003774   0x000006dc   Code   RO        10022    i._printf_core      mc_w.l(printfa.o)
    0x08003e50   0x08003e50   0x00000024   Code   RO        10023    i._printf_post_padding  mc_w.l(printfa.o)
    0x08003e74   0x08003e74   0x0000002e   Code   RO        10024    i._printf_pre_padding  mc_w.l(printfa.o)
    0x08003ea2   0x08003ea2   0x00000002   PAD
    0x08003ea4   0x08003ea4   0x00000064   Code   RO         9057    i.alloc_socket      sockets.o
    0x08003f08   0x08003f08   0x0000001c   Code   RO         8165    i.arp_timer         timers_1.o
    0x08003f24   0x08003f24   0x00000024   Code   RO         9476    i.bufchar           mqttpacket.o
    0x08003f48   0x08003f48   0x00000030   Code   RO         6287    i.buffer_skip_whitespace  cjson.o
    0x08003f78   0x08003f78   0x00000048   Code   RO         6319    i.cJSON_Delete      cjson.o
    0x08003fc0   0x08003fc0   0x00000006   Code   RO         6332    i.cJSON_GetObjectItem  cjson.o
    0x08003fc6   0x08003fc6   0x00000016   Code   RO         6349    i.cJSON_New_Item    cjson.o
    0x08003fdc   0x08003fdc   0x00000008   Code   RO         6350    i.cJSON_Parse       cjson.o
    0x08003fe4   0x08003fe4   0x000000dc   Code   RO         6352    i.cJSON_ParseWithLengthOpts  cjson.o
    0x080040c0   0x080040c0   0x00000022   Code   RO         6353    i.cJSON_ParseWithOpts  cjson.o
    0x080040e2   0x080040e2   0x00000018   Code   RO         4767    i.delay_ms          delay.o
    0x080040fa   0x080040fa   0x00000028   Code   RO         4768    i.delay_us          delay.o
    0x08004122   0x08004122   0x0000004a   Code   RO         6156    i.deliverMessage    mqtt.o
    0x0800416c   0x0800416c   0x00000118   Code   RO         8820    i.do_close          api_msg.o
    0x08004284   0x08004284   0x0000025c   Code   RO         8821    i.do_close_internal  api_msg.o
    0x080044e0   0x080044e0   0x00000114   Code   RO         8822    i.do_connect        api_msg.o
    0x080045f4   0x080045f4   0x00000150   Code   RO         8823    i.do_connected      api_msg.o
    0x08004744   0x08004744   0x0000018c   Code   RO         8824    i.do_delconn        api_msg.o
    0x080048d0   0x080048d0   0x000000f4   Code   RO         8826    i.do_getaddr        api_msg.o
    0x080049c4   0x080049c4   0x00000020   Code   RO         8828    i.do_newconn        api_msg.o
    0x080049e4   0x080049e4   0x00000042   Code   RO         8829    i.do_recv           api_msg.o
    0x08004a26   0x08004a26   0x00000080   Code   RO         8830    i.do_send           api_msg.o
    0x08004aa6   0x08004aa6   0x00000002   PAD
    0x08004aa8   0x08004aa8   0x000000fc   Code   RO         8831    i.do_write          api_msg.o
    0x08004ba4   0x08004ba4   0x00000294   Code   RO         8832    i.do_writemore      api_msg.o
    0x08004e38   0x08004e38   0x00000174   Code   RO         8833    i.err_tcp           api_msg.o
    0x08004fac   0x08004fac   0x00000150   Code   RO         7185    i.etharp_arp_input  etharp.o
    0x080050fc   0x080050fc   0x0000024c   Code   RO         7188    i.etharp_find_entry  etharp.o
    0x08005348   0x08005348   0x0000003c   Code   RO         7189    i.etharp_free_entry  etharp.o
    0x08005384   0x08005384   0x000001b4   Code   RO         7190    i.etharp_output     etharp.o
    0x08005538   0x08005538   0x000000dc   Code   RO         7191    i.etharp_output_to_arp_index  etharp.o
    0x08005614   0x08005614   0x000001c0   Code   RO         7192    i.etharp_query      etharp.o
    0x080057d4   0x080057d4   0x00000178   Code   RO         7193    i.etharp_raw        etharp.o
    0x0800594c   0x0800594c   0x00000024   Code   RO         7194    i.etharp_request    etharp.o
    0x08005970   0x08005970   0x000000a0   Code   RO         7195    i.etharp_send_ip    etharp.o
    0x08005a10   0x08005a10   0x00000048   Code   RO         7196    i.etharp_tmr        etharp.o
    0x08005a58   0x08005a58   0x00000110   Code   RO         7197    i.etharp_update_arp_entry  etharp.o
    0x08005b68   0x08005b68   0x00000118   Code   RO         7198    i.ethernet_input    etharp.o
    0x08005c80   0x08005c80   0x0000009c   Code   RO         7292    i.ethernetif_init   ethernetif.o
    0x08005d1c   0x08005d1c   0x00000026   Code   RO         7293    i.ethernetif_input  ethernetif.o
    0x08005d42   0x08005d42   0x00000002   PAD
    0x08005d44   0x08005d44   0x00000198   Code   RO         9058    i.event_callback    sockets.o
    0x08005edc   0x08005edc   0x00000014   Code   RO         4803    i.fputc             uart.o
    0x08005ef0   0x08005ef0   0x0000007a   Code   RO         6372    i.get_object_item   cjson.o
    0x08005f6a   0x08005f6a   0x00000002   PAD
    0x08005f6c   0x08005f6c   0x0000001c   Code   RO         9059    i.get_socket        sockets.o
    0x08005f88   0x08005f88   0x00000008   Code   RO         8311    i.icmp_dest_unreach  icmp.o
    0x08005f90   0x08005f90   0x00000280   Code   RO         8312    i.icmp_input        icmp.o
    0x08006210   0x08006210   0x000000f8   Code   RO         8313    i.icmp_send_response  icmp.o
    0x08006308   0x08006308   0x00000008   Code   RO         8314    i.icmp_time_exceeded  icmp.o
    0x08006310   0x08006310   0x0000000c   Code   RO         8352    i.inet_chksum       inet_chksum.o
    0x0800631c   0x0800631c   0x00000048   Code   RO         8353    i.inet_chksum_pbuf  inet_chksum.o
    0x08006364   0x08006364   0x00000050   Code   RO        10048    i.internal_alloc    mc_w.l(mallocr.o)
    0x080063b4   0x080063b4   0x0000002e   Code   RO         8426    i.ip4_addr_isbroadcast  ip_addr.o
    0x080063e2   0x080063e2   0x00000002   PAD
    0x080063e4   0x080063e4   0x000001f4   Code   RO         8480    i.ip_frag           ip_frag.o
    0x080065d8   0x080065d8   0x00000084   Code   RO         8481    i.ip_frag_free_pbuf_custom_ref  ip_frag.o
    0x0800665c   0x0800665c   0x0000015c   Code   RO         8387    i.ip_input          ip.o
    0x080067b8   0x080067b8   0x000000a8   Code   RO         8388    i.ip_output         ip.o
    0x08006860   0x08006860   0x00000164   Code   RO         8389    i.ip_output_if      ip.o
    0x080069c4   0x080069c4   0x0000018c   Code   RO         8482    i.ip_reass          ip_frag.o
    0x08006b50   0x08006b50   0x0000027c   Code   RO         8483    i.ip_reass_chain_frag_into_datagram_and_validate  ip_frag.o
    0x08006dcc   0x08006dcc   0x000000ac   Code   RO         8484    i.ip_reass_dequeue_datagram  ip_frag.o
    0x08006e78   0x08006e78   0x00000180   Code   RO         8485    i.ip_reass_free_complete_datagram  ip_frag.o
    0x08006ff8   0x08006ff8   0x0000006c   Code   RO         8486    i.ip_reass_remove_oldest_datagram  ip_frag.o
    0x08007064   0x08007064   0x0000001c   Code   RO         8166    i.ip_reass_timer    timers_1.o
    0x08007080   0x08007080   0x0000002c   Code   RO         8487    i.ip_reass_tmr      ip_frag.o
    0x080070ac   0x080070ac   0x00000040   Code   RO         8390    i.ip_route          ip.o
    0x080070ec   0x080070ec   0x00000014   Code   RO         8428    i.ipaddr_addr       ip_addr.o
    0x08007100   0x08007100   0x0000016c   Code   RO         8429    i.ipaddr_aton       ip_addr.o
    0x0800726c   0x0800726c   0x0000008c   Code   RO         8488    i.ipfrag_free_pbuf_custom  ip_frag.o
    0x080072f8   0x080072f8   0x00000080   Code   RO         4842    i.key_init          key.o
    0x08007378   0x08007378   0x00000058   Code   RO         4872    i.led_init          led.o
    0x080073d0   0x080073d0   0x0000007c   Code   RO         7294    i.low_level_init    ethernetif.o
    0x0800744c   0x0800744c   0x000000c4   Code   RO         7295    i.low_level_input   ethernetif.o
    0x08007510   0x08007510   0x000000ac   Code   RO         7296    i.low_level_output  ethernetif.o
    0x080075bc   0x080075bc   0x000000d4   Code   RO         9062    i.lwip_close        sockets.o
    0x08007690   0x08007690   0x00000058   Code   RO         6936    i.lwip_comm_default_ip_set  lwip_comm.o
    0x080076e8   0x080076e8   0x000001b4   Code   RO         6937    i.lwip_comm_init    lwip_comm.o
    0x0800789c   0x0800789c   0x00000020   Code   RO         6938    i.lwip_comm_mem_free  lwip_comm.o
    0x080078bc   0x080078bc   0x00000040   Code   RO         6939    i.lwip_comm_mem_malloc  lwip_comm.o
    0x080078fc   0x080078fc   0x000000e0   Code   RO         9063    i.lwip_connect      sockets.o
    0x080079dc   0x080079dc   0x00000004   Code   RO         7360    i.lwip_htonl        def.o
    0x080079e0   0x080079e0   0x00000004   Code   RO         7361    i.lwip_htons        def.o
    0x080079e4   0x080079e4   0x00000026   Code   RO         7402    i.lwip_init         init.o
    0x08007a0a   0x08007a0a   0x00000004   Code   RO         7362    i.lwip_ntohl        def.o
    0x08007a0e   0x08007a0e   0x00000004   Code   RO         7363    i.lwip_ntohs        def.o
    0x08007a12   0x08007a12   0x00000002   PAD
    0x08007a14   0x08007a14   0x0000000c   Code   RO         6940    i.lwip_pkt_handle   lwip_comm.o
    0x08007a20   0x08007a20   0x0000000e   Code   RO         9073    i.lwip_recv         sockets.o
    0x08007a2e   0x08007a2e   0x00000002   PAD
    0x08007a30   0x08007a30   0x00000260   Code   RO         9074    i.lwip_recvfrom     sockets.o
    0x08007c90   0x08007c90   0x0000036c   Code   RO         9075    i.lwip_select       sockets.o
    0x08007ffc   0x08007ffc   0x00000174   Code   RO         9076    i.lwip_selscan      sockets.o
    0x08008170   0x08008170   0x00000078   Code   RO         9077    i.lwip_send         sockets.o
    0x080081e8   0x080081e8   0x00000168   Code   RO         9078    i.lwip_sendto       sockets.o
    0x08008350   0x08008350   0x00000070   Code   RO         9081    i.lwip_shutdown     sockets.o
    0x080083c0   0x080083c0   0x0000006c   Code   RO         9082    i.lwip_socket       sockets.o
    0x0800842c   0x0800842c   0x00000002   Code   RO         9083    i.lwip_socket_init  sockets.o
    0x0800842e   0x0800842e   0x00000002   PAD
    0x08008430   0x08008430   0x00000058   Code   RO         8356    i.lwip_standard_chksum  inet_chksum.o
    0x08008488   0x08008488   0x00000006   Code   RO         9084    i.lwip_write        sockets.o
    0x0800848e   0x0800848e   0x00000002   PAD
    0x08008490   0x08008490   0x00000090   Code   RO           16    i.main              main.o
    0x08008520   0x08008520   0x00000130   Code   RO         7440    i.mem_free          mem.o
    0x08008650   0x08008650   0x000000bc   Code   RO         7441    i.mem_init          mem.o
    0x0800870c   0x0800870c   0x00000208   Code   RO         7442    i.mem_malloc        mem.o
    0x08008914   0x08008914   0x0000019c   Code   RO         7443    i.mem_trim          mem.o
    0x08008ab0   0x08008ab0   0x000000a8   Code   RO         7483    i.memp_free         memp.o
    0x08008b58   0x08008b58   0x00000006   Code   RO         7484    i.memp_get_memorysize  memp.o
    0x08008b5e   0x08008b5e   0x00000002   PAD
    0x08008b60   0x08008b60   0x00000060   Code   RO         7485    i.memp_init         memp.o
    0x08008bc0   0x08008bc0   0x000000e4   Code   RO         7486    i.memp_malloc       memp.o
    0x08008ca4   0x08008ca4   0x000000dc   Code   RO         6157    i.mqtt_pktype_ctl   mqtt.o
    0x08008d80   0x08008d80   0x00000022   Code   RO         8985    i.netbuf_delete     netbuf.o
    0x08008da2   0x08008da2   0x00000002   PAD
    0x08008da4   0x08008da4   0x00000094   Code   RO         8987    i.netbuf_free       netbuf.o
    0x08008e38   0x08008e38   0x000000b8   Code   RO         8990    i.netbuf_ref        netbuf.o
    0x08008ef0   0x08008ef0   0x00000110   Code   RO         8834    i.netconn_alloc     api_msg.o
    0x08009000   0x08009000   0x000000bc   Code   RO         8690    i.netconn_close_shutdown  api_lib.o
    0x080090bc   0x080090bc   0x000000c0   Code   RO         8691    i.netconn_connect   api_lib.o
    0x0800917c   0x0800917c   0x00000024   Code   RO         8692    i.netconn_delete    api_lib.o
    0x080091a0   0x080091a0   0x00000134   Code   RO         8835    i.netconn_drain     api_msg.o
    0x080092d4   0x080092d4   0x00000164   Code   RO         8836    i.netconn_free      api_msg.o
    0x08009438   0x08009438   0x00000118   Code   RO         8694    i.netconn_getaddr   api_lib.o
    0x08009550   0x08009550   0x0000016c   Code   RO         8696    i.netconn_new_with_proto_and_callback  api_lib.o
    0x080096bc   0x080096bc   0x00000184   Code   RO         8697    i.netconn_recv      api_lib.o
    0x08009840   0x08009840   0x000001c8   Code   RO         8698    i.netconn_recv_data  api_lib.o
    0x08009a08   0x08009a08   0x00000098   Code   RO         8699    i.netconn_recv_tcp_pbuf  api_lib.o
    0x08009aa0   0x08009aa0   0x0000002c   Code   RO         8700    i.netconn_recved    api_lib.o
    0x08009acc   0x08009acc   0x000000bc   Code   RO         8701    i.netconn_send      api_lib.o
    0x08009b88   0x08009b88   0x0000000e   Code   RO         8703    i.netconn_shutdown  api_lib.o
    0x08009b96   0x08009b96   0x00000002   PAD
    0x08009b98   0x08009b98   0x0000013c   Code   RO         8704    i.netconn_write_partly  api_lib.o
    0x08009cd4   0x08009cd4   0x000000cc   Code   RO         7535    i.netif_add         netif.o
    0x08009da0   0x08009da0   0x00000002   Code   RO         7537    i.netif_init        netif.o
    0x08009da2   0x08009da2   0x00000020   Code   RO         7539    i.netif_set_addr    netif.o
    0x08009dc2   0x08009dc2   0x00000002   PAD
    0x08009dc4   0x08009dc4   0x0000000c   Code   RO         7540    i.netif_set_default  netif.o
    0x08009dd0   0x08009dd0   0x00000008   Code   RO         7542    i.netif_set_gw      netif.o
    0x08009dd8   0x08009dd8   0x00000068   Code   RO         7543    i.netif_set_ipaddr  netif.o
    0x08009e40   0x08009e40   0x00000008   Code   RO         7546    i.netif_set_netmask  netif.o
    0x08009e48   0x08009e48   0x00000020   Code   RO         7547    i.netif_set_up      netif.o
    0x08009e68   0x08009e68   0x000000d0   Code   RO         6374    i.parse_array       cjson.o
    0x08009f38   0x08009f38   0x00000040   Code   RO         6375    i.parse_hex4        cjson.o
    0x08009f78   0x08009f78   0x00000100   Code   RO         6376    i.parse_number      cjson.o
    0x0800a078   0x0800a078   0x0000010a   Code   RO         6377    i.parse_object      cjson.o
    0x0800a182   0x0800a182   0x0000010c   Code   RO         6378    i.parse_string      cjson.o
    0x0800a28e   0x0800a28e   0x00000002   PAD
    0x0800a290   0x0800a290   0x000000fc   Code   RO         6379    i.parse_value       cjson.o
    0x0800a38c   0x0800a38c   0x00000358   Code   RO         7625    i.pbuf_alloc        pbuf.o
    0x0800a6e4   0x0800a6e4   0x000000d8   Code   RO         7626    i.pbuf_alloced_custom  pbuf.o
    0x0800a7bc   0x0800a7bc   0x00000128   Code   RO         7627    i.pbuf_cat          pbuf.o
    0x0800a8e4   0x0800a8e4   0x00000012   Code   RO         7628    i.pbuf_chain        pbuf.o
    0x0800a8f6   0x0800a8f6   0x00000012   Code   RO         7629    i.pbuf_clen         pbuf.o
    0x0800a908   0x0800a908   0x000001e0   Code   RO         7631    i.pbuf_copy         pbuf.o
    0x0800aae8   0x0800aae8   0x00000114   Code   RO         7632    i.pbuf_copy_partial  pbuf.o
    0x0800abfc   0x0800abfc   0x0000016c   Code   RO         7634    i.pbuf_free         pbuf.o
    0x0800ad68   0x0800ad68   0x00000118   Code   RO         7636    i.pbuf_header       pbuf.o
    0x0800ae80   0x0800ae80   0x00000188   Code   RO         7639    i.pbuf_realloc      pbuf.o
    0x0800b008   0x0800b008   0x0000001a   Code   RO         7640    i.pbuf_ref          pbuf.o
    0x0800b022   0x0800b022   0x00000002   PAD
    0x0800b024   0x0800b024   0x00000108   Code   RO         8837    i.pcb_new           api_msg.o
    0x0800b12c   0x0800b12c   0x0000016c   Code   RO         7444    i.plug_holes        mem.o
    0x0800b298   0x0800b298   0x000000cc   Code   RO         8838    i.poll_tcp          api_msg.o
    0x0800b364   0x0800b364   0x00000070   Code   RO         5551    i.prvAddCurrentTaskToDelayedList  tasks.o
    0x0800b3d4   0x0800b3d4   0x000000d0   Code   RO         5552    i.prvAddNewTaskToReadyList  tasks.o
    0x0800b4a4   0x0800b4a4   0x00000050   Code   RO         5896    i.prvCheckForValidListAndQueue  timers.o
    0x0800b4f4   0x0800b4f4   0x00000050   Code   RO         5553    i.prvCheckTasksWaitingTermination  tasks.o
    0x0800b544   0x0800b544   0x00000026   Code   RO         5333    i.prvCopyDataFromQueue  queue.o
    0x0800b56a   0x0800b56a   0x0000006c   Code   RO         5334    i.prvCopyDataToQueue  queue.o
    0x0800b5d6   0x0800b5d6   0x00000014   Code   RO         5554    i.prvDeleteTCB      tasks.o
    0x0800b5ea   0x0800b5ea   0x00000002   PAD
    0x0800b5ec   0x0800b5ec   0x0000004c   Code   RO         6016    i.prvHeapInit       heap_4.o
    0x0800b638   0x0800b638   0x00000028   Code   RO         5555    i.prvIdleTask       tasks.o
    0x0800b660   0x0800b660   0x000000c0   Code   RO         5556    i.prvInitialiseNewTask  tasks.o
    0x0800b720   0x0800b720   0x0000004c   Code   RO         6017    i.prvInsertBlockIntoFreeList  heap_4.o
    0x0800b76c   0x0800b76c   0x00000038   Code   RO         5897    i.prvInsertTimerInActiveList  timers.o
    0x0800b7a4   0x0800b7a4   0x0000001c   Code   RO         5335    i.prvIsQueueEmpty   queue.o
    0x0800b7c0   0x0800b7c0   0x00000090   Code   RO         5336    i.prvNotifyQueueSetContainer  queue.o
    0x0800b850   0x0800b850   0x00000060   Code   RO         5898    i.prvProcessExpiredTimer  timers.o
    0x0800b8b0   0x0800b8b0   0x000000f0   Code   RO         5899    i.prvProcessReceivedCommands  timers.o
    0x0800b9a0   0x0800b9a0   0x0000006c   Code   RO         5900    i.prvProcessTimerOrBlockTask  timers.o
    0x0800ba0c   0x0800ba0c   0x00000020   Code   RO         5558    i.prvResetNextTaskUnblockTime  tasks.o
    0x0800ba2c   0x0800ba2c   0x00000028   Code   RO         5901    i.prvSampleTimeNow  timers.o
    0x0800ba54   0x0800ba54   0x0000006c   Code   RO         5902    i.prvSwitchTimerLists  timers.o
    0x0800bac0   0x0800bac0   0x00000064   Code   RO         6066    i.prvTaskExitError  port.o
    0x0800bb24   0x0800bb24   0x00000024   Code   RO         5903    i.prvTimerTask      timers.o
    0x0800bb48   0x0800bb48   0x00000078   Code   RO         5337    i.prvUnlockQueue    queue.o
    0x0800bbc0   0x0800bbc0   0x00000114   Code   RO         6018    i.pvPortMalloc      heap_4.o
    0x0800bcd4   0x0800bcd4   0x00000018   Code   RO         5560    i.pvTaskIncrementMutexHeldCount  tasks.o
    0x0800bcec   0x0800bcec   0x0000002c   Code   RO         6067    i.pxPortInitialiseStack  port.o
    0x0800bd18   0x0800bd18   0x0000000a   Code   RO         7742    i.raw_connect       raw.o
    0x0800bd22   0x0800bd22   0x00000002   PAD
    0x0800bd24   0x0800bd24   0x00000074   Code   RO         7743    i.raw_input         raw.o
    0x0800bd98   0x0800bd98   0x0000002c   Code   RO         7744    i.raw_new           raw.o
    0x0800bdc4   0x0800bdc4   0x00000006   Code   RO         7745    i.raw_recv          raw.o
    0x0800bdca   0x0800bdca   0x00000002   PAD
    0x0800bdcc   0x0800bdcc   0x0000002c   Code   RO         7746    i.raw_remove        raw.o
    0x0800bdf8   0x0800bdf8   0x00000006   Code   RO         7747    i.raw_send          raw.o
    0x0800bdfe   0x0800bdfe   0x00000002   PAD
    0x0800be00   0x0800be00   0x00000118   Code   RO         7748    i.raw_sendto        raw.o
    0x0800bf18   0x0800bf18   0x0000000c   Code   RO         9478    i.readChar          mqttpacket.o
    0x0800bf24   0x0800bf24   0x00000012   Code   RO         9479    i.readInt           mqttpacket.o
    0x0800bf36   0x0800bf36   0x00000034   Code   RO         9480    i.readMQTTLenString  mqttpacket.o
    0x0800bf6a   0x0800bf6a   0x00000002   PAD
    0x0800bf6c   0x0800bf6c   0x0000006c   Code   RO        10049    i.realloc           mc_w.l(mallocr.o)
    0x0800bfd8   0x0800bfd8   0x00000078   Code   RO         8839    i.recv_raw          api_msg.o
    0x0800c050   0x0800c050   0x00000158   Code   RO         8840    i.recv_tcp          api_msg.o
    0x0800c1a8   0x0800c1a8   0x00000158   Code   RO         8841    i.recv_udp          api_msg.o
    0x0800c300   0x0800c300   0x000000cc   Code   RO         8842    i.sent_tcp          api_msg.o
    0x0800c3cc   0x0800c3cc   0x00000044   Code   RO         8843    i.setup_tcp         api_msg.o
    0x0800c410   0x0800c410   0x000000a0   Code   RO         8541    i.sys_arch_mbox_fetch  sys_arch.o
    0x0800c4b0   0x0800c4b0   0x00000006   Code   RO         8542    i.sys_arch_mbox_tryfetch  sys_arch.o
    0x0800c4b6   0x0800c4b6   0x0000006e   Code   RO         8543    i.sys_arch_sem_wait  sys_arch.o
    0x0800c524   0x0800c524   0x00000002   Code   RO         8544    i.sys_init          sys_arch.o
    0x0800c526   0x0800c526   0x00000010   Code   RO         8545    i.sys_mbox_free     sys_arch.o
    0x0800c536   0x0800c536   0x00000002   PAD
    0x0800c538   0x0800c538   0x00000084   Code   RO         8546    i.sys_mbox_new      sys_arch.o
    0x0800c5bc   0x0800c5bc   0x00000060   Code   RO         8547    i.sys_mbox_post     sys_arch.o
    0x0800c61c   0x0800c61c   0x00000006   Code   RO         8548    i.sys_mbox_set_invalid  sys_arch.o
    0x0800c622   0x0800c622   0x00000002   PAD
    0x0800c624   0x0800c624   0x00000060   Code   RO         8549    i.sys_mbox_trypost  sys_arch.o
    0x0800c684   0x0800c684   0x0000000a   Code   RO         8550    i.sys_mbox_valid    sys_arch.o
    0x0800c68e   0x0800c68e   0x00000010   Code   RO         8553    i.sys_sem_free      sys_arch.o
    0x0800c69e   0x0800c69e   0x00000018   Code   RO         8554    i.sys_sem_new       sys_arch.o
    0x0800c6b6   0x0800c6b6   0x00000006   Code   RO         8555    i.sys_sem_set_invalid  sys_arch.o
    0x0800c6bc   0x0800c6bc   0x0000000c   Code   RO         8556    i.sys_sem_signal    sys_arch.o
    0x0800c6c8   0x0800c6c8   0x0000000a   Code   RO         8557    i.sys_sem_valid     sys_arch.o
    0x0800c6d2   0x0800c6d2   0x00000002   PAD
    0x0800c6d4   0x0800c6d4   0x00000044   Code   RO         8558    i.sys_thread_new    sys_arch.o
    0x0800c718   0x0800c718   0x00000100   Code   RO         8167    i.sys_timeout       timers_1.o
    0x0800c818   0x0800c818   0x00000028   Code   RO         8168    i.sys_timeouts_init  timers_1.o
    0x0800c840   0x0800c840   0x00000060   Code   RO         8169    i.sys_timeouts_mbox_fetch  timers_1.o
    0x0800c8a0   0x0800c8a0   0x00000048   Code   RO         8170    i.sys_untimeout     timers_1.o
    0x0800c8e8   0x0800c8e8   0x00000128   Code   RO         7803    i.tcp_abandon       tcp.o
    0x0800ca10   0x0800ca10   0x00000006   Code   RO         7804    i.tcp_abort         tcp.o
    0x0800ca16   0x0800ca16   0x00000004   Code   RO         7805    i.tcp_accept        tcp.o
    0x0800ca1a   0x0800ca1a   0x00000002   PAD
    0x0800ca1c   0x0800ca1c   0x000000f8   Code   RO         7807    i.tcp_alloc         tcp.o
    0x0800cb14   0x0800cb14   0x00000004   Code   RO         7808    i.tcp_arg           tcp.o
    0x0800cb18   0x0800cb18   0x00000014   Code   RO         7810    i.tcp_close         tcp.o
    0x0800cb2c   0x0800cb2c   0x000001a4   Code   RO         7811    i.tcp_close_shutdown  tcp.o
    0x0800ccd0   0x0800ccd0   0x00000184   Code   RO         7812    i.tcp_connect       tcp.o
    0x0800ce54   0x0800ce54   0x0000009c   Code   RO         8067    i.tcp_create_segment  tcp_out.o
    0x0800cef0   0x0800cef0   0x00000020   Code   RO         7814    i.tcp_eff_send_mss  tcp.o
    0x0800cf10   0x0800cf10   0x00000220   Code   RO         8068    i.tcp_enqueue_flags  tcp_out.o
    0x0800d130   0x0800d130   0x00000098   Code   RO         7815    i.tcp_err           tcp.o
    0x0800d1c8   0x0800d1c8   0x00000060   Code   RO         7816    i.tcp_fasttmr       tcp.o
    0x0800d228   0x0800d228   0x00000002   Code   RO         7817    i.tcp_init          tcp.o
    0x0800d22a   0x0800d22a   0x00000002   PAD
    0x0800d22c   0x0800d22c   0x0000051c   Code   RO         8016    i.tcp_input         tcp_in.o
    0x0800d748   0x0800d748   0x0000003c   Code   RO         8069    i.tcp_keepalive     tcp_out.o
    0x0800d784   0x0800d784   0x000000e4   Code   RO         8017    i.tcp_listen_input  tcp_in.o
    0x0800d868   0x0800d868   0x00000006   Code   RO         7819    i.tcp_new           tcp.o
    0x0800d86e   0x0800d86e   0x00000002   PAD
    0x0800d870   0x0800d870   0x0000005c   Code   RO         7820    i.tcp_new_port      tcp.o
    0x0800d8cc   0x0800d8cc   0x00000010   Code   RO         7821    i.tcp_next_iss      tcp.o
    0x0800d8dc   0x0800d8dc   0x00000248   Code   RO         8070    i.tcp_output        tcp_out.o
    0x0800db24   0x0800db24   0x00000104   Code   RO         8071    i.tcp_output_alloc_header  tcp_out.o
    0x0800dc28   0x0800dc28   0x000000b0   Code   RO         8072    i.tcp_output_segment  tcp_out.o
    0x0800dcd8   0x0800dcd8   0x00000080   Code   RO         8018    i.tcp_parseopt      tcp_in.o
    0x0800dd58   0x0800dd58   0x000000d0   Code   RO         8073    i.tcp_pbuf_prealloc  tcp_out.o
    0x0800de28   0x0800de28   0x0000003a   Code   RO         7822    i.tcp_pcb_purge     tcp.o
    0x0800de62   0x0800de62   0x00000002   PAD
    0x0800de64   0x0800de64   0x00000104   Code   RO         7823    i.tcp_pcb_remove    tcp.o
    0x0800df68   0x0800df68   0x00000098   Code   RO         7824    i.tcp_poll          tcp.o
    0x0800e000   0x0800e000   0x00000414   Code   RO         8019    i.tcp_process       tcp_in.o
    0x0800e414   0x0800e414   0x00000066   Code   RO         7825    i.tcp_process_refused_data  tcp.o
    0x0800e47a   0x0800e47a   0x00000002   PAD
    0x0800e47c   0x0800e47c   0x0000069c   Code   RO         8020    i.tcp_receive       tcp_in.o
    0x0800eb18   0x0800eb18   0x00000098   Code   RO         7826    i.tcp_recv          tcp.o
    0x0800ebb0   0x0800ebb0   0x00000024   Code   RO         7827    i.tcp_recv_null     tcp.o
    0x0800ebd4   0x0800ebd4   0x00000104   Code   RO         7828    i.tcp_recved        tcp.o
    0x0800ecd8   0x0800ecd8   0x00000052   Code   RO         8074    i.tcp_rexmit        tcp_out.o
    0x0800ed2a   0x0800ed2a   0x00000058   Code   RO         8075    i.tcp_rexmit_fast   tcp_out.o
    0x0800ed82   0x0800ed82   0x0000002e   Code   RO         8076    i.tcp_rexmit_rto    tcp_out.o
    0x0800edb0   0x0800edb0   0x00000110   Code   RO         8077    i.tcp_rst           tcp_out.o
    0x0800eec0   0x0800eec0   0x0000001c   Code   RO         7829    i.tcp_seg_free      tcp.o
    0x0800eedc   0x0800eedc   0x00000012   Code   RO         7830    i.tcp_segs_free     tcp.o
    0x0800eeee   0x0800eeee   0x00000048   Code   RO         8078    i.tcp_send_empty_ack  tcp_out.o
    0x0800ef36   0x0800ef36   0x00000044   Code   RO         8079    i.tcp_send_fin      tcp_out.o
    0x0800ef7a   0x0800ef7a   0x00000002   PAD
    0x0800ef7c   0x0800ef7c   0x00000098   Code   RO         7831    i.tcp_sent          tcp.o
    0x0800f014   0x0800f014   0x0000004e   Code   RO         7833    i.tcp_shutdown      tcp.o
    0x0800f062   0x0800f062   0x00000002   PAD
    0x0800f064   0x0800f064   0x000004b0   Code   RO         7834    i.tcp_slowtmr       tcp.o
    0x0800f514   0x0800f514   0x00000034   Code   RO         8171    i.tcp_timer_needed  timers_1.o
    0x0800f548   0x0800f548   0x0000006c   Code   RO         8021    i.tcp_timewait_input  tcp_in.o
    0x0800f5b4   0x0800f5b4   0x00000020   Code   RO         7835    i.tcp_tmr           tcp.o
    0x0800f5d4   0x0800f5d4   0x000000b8   Code   RO         7836    i.tcp_update_rcv_ann_wnd  tcp.o
    0x0800f68c   0x0800f68c   0x00000604   Code   RO         8080    i.tcp_write         tcp_out.o
    0x0800fc90   0x0800fc90   0x00000134   Code   RO         8081    i.tcp_write_checks  tcp_out.o
    0x0800fdc4   0x0800fdc4   0x0000008a   Code   RO         8082    i.tcp_zero_window_probe  tcp_out.o
    0x0800fe4e   0x0800fe4e   0x00000002   PAD
    0x0800fe50   0x0800fe50   0x00000040   Code   RO         9236    i.tcpip_apimsg      tcpip.o
    0x0800fe90   0x0800fe90   0x000000cc   Code   RO         9240    i.tcpip_init        tcpip.o
    0x0800ff5c   0x0800ff5c   0x0000004c   Code   RO         9241    i.tcpip_input       tcpip.o
    0x0800ffa8   0x0800ffa8   0x00000038   Code   RO         8172    i.tcpip_tcp_timer   timers_1.o
    0x0800ffe0   0x0800ffe0   0x000000fc   Code   RO         9242    i.tcpip_thread      tcpip.o
    0x080100dc   0x080100dc   0x00000028   Code   RO         9705    i.transport_close   transport.o
    0x08010104   0x08010104   0x00000014   Code   RO         9706    i.transport_getdata  transport.o
    0x08010118   0x08010118   0x00000058   Code   RO         9707    i.transport_open    transport.o
    0x08010170   0x08010170   0x00000010   Code   RO         9708    i.transport_sendPacketBuffer  transport.o
    0x08010180   0x08010180   0x00000020   Code   RO         9085    i.tryget_socket     sockets.o
    0x080101a0   0x080101a0   0x00000038   Code   RO         4804    i.uart1_init        uart.o
    0x080101d8   0x080101d8   0x00000118   Code   RO         8227    i.udp_bind          udp.o
    0x080102f0   0x080102f0   0x0000004c   Code   RO         8228    i.udp_connect       udp.o
    0x0801033c   0x0801033c   0x00000002   Code   RO         8230    i.udp_init          udp.o
    0x0801033e   0x0801033e   0x00000002   PAD
    0x08010340   0x08010340   0x000001e8   Code   RO         8231    i.udp_input         udp.o
    0x08010528   0x08010528   0x0000001a   Code   RO         8232    i.udp_new           udp.o
    0x08010542   0x08010542   0x00000006   Code   RO         8233    i.udp_recv          udp.o
    0x08010548   0x08010548   0x0000002c   Code   RO         8234    i.udp_remove        udp.o
    0x08010574   0x08010574   0x00000008   Code   RO         8235    i.udp_send          udp.o
    0x0801057c   0x0801057c   0x00000028   Code   RO         8236    i.udp_sendto        udp.o
    0x080105a4   0x080105a4   0x0000014c   Code   RO         8237    i.udp_sendto_if     udp.o
    0x080106f0   0x080106f0   0x000000d2   Code   RO         6388    i.utf16_literal_to_utf8  cjson.o
    0x080107c2   0x080107c2   0x00000024   Code   RO         5296    i.uxListRemove      list.o
    0x080107e6   0x080107e6   0x00000016   Code   RO         5297    i.vListInitialise   list.o
    0x080107fc   0x080107fc   0x00000006   Code   RO         5298    i.vListInitialiseItem  list.o
    0x08010802   0x08010802   0x00000030   Code   RO         5299    i.vListInsert       list.o
    0x08010832   0x08010832   0x00000018   Code   RO         5300    i.vListInsertEnd    list.o
    0x0801084a   0x0801084a   0x00000002   PAD
    0x0801084c   0x0801084c   0x00000078   Code   RO         6069    i.vPortEnterCritical  port.o
    0x080108c4   0x080108c4   0x00000064   Code   RO         6070    i.vPortExitCritical  port.o
    0x08010928   0x08010928   0x0000009c   Code   RO         6019    i.vPortFree         heap_4.o
    0x080109c4   0x080109c4   0x00000020   Code   RO         6071    i.vPortSetupTimerInterrupt  port.o
    0x080109e4   0x080109e4   0x0000008c   Code   RO         6072    i.vPortValidateInterruptPriority  port.o
    0x08010a70   0x08010a70   0x00000028   Code   RO         5343    i.vQueueAddToRegistry  queue.o
    0x08010a98   0x08010a98   0x00000048   Code   RO         5344    i.vQueueDelete      queue.o
    0x08010ae0   0x08010ae0   0x00000028   Code   RO         5346    i.vQueueUnregisterQueue  queue.o
    0x08010b08   0x08010b08   0x00000044   Code   RO         5347    i.vQueueWaitForMessageRestricted  queue.o
    0x08010b4c   0x08010b4c   0x0000006c   Code   RO         5568    i.vTaskDelay        tasks.o
    0x08010bb8   0x08010bb8   0x000000cc   Code   RO         5570    i.vTaskDelete       tasks.o
    0x08010c84   0x08010c84   0x0000000c   Code   RO         5574    i.vTaskMissedYield  tasks.o
    0x08010c90   0x08010c90   0x00000054   Code   RO         5576    i.vTaskPlaceOnEventList  tasks.o
    0x08010ce4   0x08010ce4   0x0000005c   Code   RO         5577    i.vTaskPlaceOnEventListRestricted  tasks.o
    0x08010d40   0x08010d40   0x00000084   Code   RO         5579    i.vTaskPriorityInherit  tasks.o
    0x08010dc4   0x08010dc4   0x00000048   Code   RO         5583    i.vTaskSetTimeOutState  tasks.o
    0x08010e0c   0x08010e0c   0x00000094   Code   RO         5584    i.vTaskStartScheduler  tasks.o
    0x08010ea0   0x08010ea0   0x00000010   Code   RO         5586    i.vTaskSuspendAll   tasks.o
    0x08010eb0   0x08010eb0   0x0000007c   Code   RO         5587    i.vTaskSwitchContext  tasks.o
    0x08010f2c   0x08010f2c   0x00000028   Code   RO         9481    i.writeCString      mqttpacket.o
    0x08010f54   0x08010f54   0x0000000c   Code   RO         9482    i.writeChar         mqttpacket.o
    0x08010f60   0x08010f60   0x0000001e   Code   RO         9483    i.writeInt          mqttpacket.o
    0x08010f7e   0x08010f7e   0x00000036   Code   RO         9484    i.writeMQTTString   mqttpacket.o
    0x08010fb4   0x08010fb4   0x00000110   Code   RO         6073    i.xPortStartScheduler  port.o
    0x080110c4   0x080110c4   0x0000002c   Code   RO         6074    i.xPortSysTickHandler  port.o
    0x080110f0   0x080110f0   0x0000005c   Code   RO         5349    i.xQueueCreateCountingSemaphore  queue.o
    0x0801114c   0x0801114c   0x00000078   Code   RO         5352    i.xQueueGenericCreate  queue.o
    0x080111c4   0x080111c4   0x00000184   Code   RO         5353    i.xQueueGenericReceive  queue.o
    0x08011348   0x08011348   0x000000a8   Code   RO         5354    i.xQueueGenericReset  queue.o
    0x080113f0   0x080113f0   0x00000180   Code   RO         5355    i.xQueueGenericSend  queue.o
    0x08011570   0x08011570   0x000000e4   Code   RO         5356    i.xQueueGenericSendFromISR  queue.o
    0x08011654   0x08011654   0x00000088   Code   RO         5588    i.xTaskCheckForTimeOut  tasks.o
    0x080116dc   0x080116dc   0x00000056   Code   RO         5589    i.xTaskCreate       tasks.o
    0x08011732   0x08011732   0x00000002   PAD
    0x08011734   0x08011734   0x0000001c   Code   RO         5593    i.xTaskGetSchedulerState  tasks.o
    0x08011750   0x08011750   0x0000000c   Code   RO         5594    i.xTaskGetTickCount  tasks.o
    0x0801175c   0x0801175c   0x000000e8   Code   RO         5596    i.xTaskIncrementTick  tasks.o
    0x08011844   0x08011844   0x000000b4   Code   RO         5599    i.xTaskPriorityDisinherit  tasks.o
    0x080118f8   0x080118f8   0x00000098   Code   RO         5600    i.xTaskRemoveFromEventList  tasks.o
    0x08011990   0x08011990   0x000000e8   Code   RO         5602    i.xTaskResumeAll    tasks.o
    0x08011a78   0x08011a78   0x00000074   Code   RO         5906    i.xTimerCreate      timers.o
    0x08011aec   0x08011aec   0x00000074   Code   RO         5907    i.xTimerCreateTimerTask  timers.o
    0x08011b60   0x08011b60   0x00000090   Code   RO         5908    i.xTimerGenericCommand  timers.o
    0x08011bf0   0x08011bf0   0x00000010   Data   RO         4730    .constdata          system_stm32f4xx.o
    0x08011c00   0x08011c00   0x00000008   Data   RO         4731    .constdata          system_stm32f4xx.o
    0x08011c08   0x08011c08   0x00000058   Data   RO         6159    .constdata          mqtt.o
    0x08011c60   0x08011c60   0x0000000c   Data   RO         7200    .constdata          etharp.o
    0x08011c6c   0x08011c6c   0x00000038   Data   RO         7488    .constdata          memp.o
    0x08011ca4   0x08011ca4   0x00000054   Data   RO         7837    .constdata          tcp.o
    0x08011cf8   0x08011cf8   0x00000004   Data   RO         8559    .constdata          sys_arch.o
    0x08011cfc   0x08011cfc   0x00000040   Data   RO         9087    .constdata          sockets.o
    0x08011d3c   0x08011d3c   0x00000040   Data   RO        10141    .constdata          mc_w.l(ctype_c.o)
    0x08011d7c   0x08011d7c   0x00000044   Data   RO         7201    .conststring        etharp.o
    0x08011dc0   0x08011dc0   0x00000075   Data   RO         7838    .conststring        tcp.o
    0x08011e35   0x08011e35   0x00000003   PAD
    0x08011e38   0x08011e38   0x00000055   Data   RO         8083    .conststring        tcp_out.o
    0x08011e8d   0x08011e8d   0x00000003   PAD
    0x08011e90   0x08011e90   0x00000020   Data   RO        10143    Region$$Table       anon$$obj.o


    Execution Region RW_IRAM2 (Exec base: 0x10000000, Load base: 0x08011ed8, Size: 0x00000000, Max: 0x00010000, ABSOLUTE)

    **** No section assigned to this execution region ****


    Execution Region RW_IRAM1 (Exec base: 0x20000000, Load base: 0x08011eb0, Size: 0x00013b48, Max: 0x00030000, ABSOLUTE, COMPRESSED[0x00000028])

    Exec Addr    Load Addr    Size         Type   Attr      Idx    E Section Name        Object

    0x20000000   COMPRESSED   0x00000004   Data   RW           17    .data               main.o
    0x20000004   COMPRESSED   0x0000000c   Data   RW         2297    .data               stm32f4xx_hal.o
    0x20000010   COMPRESSED   0x00000004   Data   RW         4732    .data               system_stm32f4xx.o
    0x20000014   COMPRESSED   0x00000010   Data   RW         5060    .data               lan8720.o
    0x20000024   COMPRESSED   0x0000003c   Data   RW         5605    .data               tasks.o
    0x20000060   COMPRESSED   0x00000014   Data   RW         5916    .data               timers.o
    0x20000074   COMPRESSED   0x00000018   Data   RW         6024    .data               heap_4.o
    0x2000008c   COMPRESSED   0x0000000c   Data   RW         6075    .data               port.o
    0x20000098   COMPRESSED   0x00000010   Data   RW         6160    .data               mqtt.o
    0x200000a8   COMPRESSED   0x00000014   Data   RW         6390    .data               cjson.o
    0x200000bc   COMPRESSED   0x00000001   Data   RW         7202    .data               etharp.o
    0x200000bd   COMPRESSED   0x00000003   PAD
    0x200000c0   COMPRESSED   0x00000014   Data   RW         7445    .data               mem.o
    0x200000d4   COMPRESSED   0x00000004   Data   RW         7491    .data               memp.o
    0x200000d8   COMPRESSED   0x0000000c   Data   RW         7548    .data               netif.o
    0x200000e4   COMPRESSED   0x00000004   Data   RW         7749    .data               raw.o
    0x200000e8   COMPRESSED   0x00000024   Data   RW         7839    .data               tcp.o
    0x2000010c   COMPRESSED   0x0000001c   Data   RW         8023    .data               tcp_in.o
    0x20000128   COMPRESSED   0x00000008   Data   RW         8173    .data               timers_1.o
    0x20000130   COMPRESSED   0x00000008   Data   RW         8238    .data               udp.o
    0x20000138   COMPRESSED   0x00000014   Data   RW         8391    .data               ip.o
    0x2000014c   COMPRESSED   0x00000008   Data   RW         8489    .data               ip_frag.o
    0x20000154   COMPRESSED   0x00000004   Data   RW         8560    .data               sys_arch.o
    0x20000158   COMPRESSED   0x00000008   Data   RW         9088    .data               sockets.o
    0x20000160   COMPRESSED   0x0000000c   Data   RW         9246    .data               tcpip.o
    0x2000016c   COMPRESSED   0x00000004   Data   RW         9485    .data               mqttpacket.o
    0x20000170   COMPRESSED   0x00000004   Data   RW         9709    .data               transport.o
    0x20000174   COMPRESSED   0x00000004   Data   RW        10104    .data               mc_w.l(stdout.o)
    0x20000178   COMPRESSED   0x00000004   Data   RW        10113    .data               mc_w.l(mvars.o)
    0x2000017c   COMPRESSED   0x00000004   Data   RW        10114    .data               mc_w.l(mvars.o)
    0x20000180        -       0x00000040   Zero   RW         4805    .bss                uart.o
    0x200001c0        -       0x00000048   Zero   RW         5059    .bss                lan8720.o
    0x20000208        -       0x00000040   Zero   RW         5367    .bss                queue.o
    0x20000248        -       0x000002e4   Zero   RW         5604    .bss                tasks.o
    0x2000052c        -       0x00000028   Zero   RW         5915    .bss                timers.o
    0x20000554        -       0x00012c00   Zero   RW         6023    .bss                heap_4.o
    0x20013154        -       0x00000234   Zero   RW         6158    .bss                mqtt.o
    0x20013388        -       0x00000048   Zero   RW         6941    .bss                lwip_comm.o
    0x200133d0        -       0x000000c8   Zero   RW         7199    .bss                etharp.o
    0x20013498        -       0x00000038   Zero   RW         7487    .bss                memp.o
    0x200134d0        -       0x00000014   Zero   RW         8022    .bss                tcp_in.o
    0x200134e4        -       0x00000060   Zero   RW         9086    .bss                sockets.o
    0x20013544   COMPRESSED   0x00000004   PAD
    0x20013548        -       0x00000200   Zero   RW            2    HEAP                startup_stm32f429xx.o
    0x20013748        -       0x00000400   Zero   RW            1    STACK               startup_stm32f429xx.o


==============================================================================

Image component sizes


      Code (inc. data)   RO Data    RW Data    ZI Data      Debug   Object Name

      2618       1416          0          0          0      20443   api_lib.o
      6130       2784          0          0          0      18969   api_msg.o
      2056         68          0         20          0      19056   cjson.o
        72         36          0          0          0       1043   cjson_process.o
        16          0          0          0          0       2632   def.o
        86          0          0          0          0       1716   delay.o
      3284       1310         80          1        200      14521   etharp.o
       686        142          0          0          0       7136   ethernetif.o
         0          0          0          0          0       9408   event_groups.o
       584        138          0         24      76800       4127   heap_4.o
         0          0          0          0          0       1228   httpserver_netconn.o
       904        458          0          0          0       3742   icmp.o
       172          0          0          0          0       2833   inet_chksum.o
        38          0          0          0          0       1284   init.o
       936        264          0         20          0       7513   ip.o
       430        106          0          0          0       8722   ip_addr.o
      2512        926          0          8          0      10352   ip_frag.o
       128         18          0          0          0        963   key.o
       486         46          0         16         72       4111   lan8720.o
        88          8          0          0          0        887   led.o
       136          0          0          0          0       3270   list.o
       632        246          0          0         72      27286   lwip_comm.o
       392        116          0          4          0     782589   main.o
      1788        870          0         20          0       5581   mem.o
       498        282         56          4         56       4302   memp.o
      2222        888         88         16        564      22771   mqtt.o
       546         18          0          0          0       4693   mqttconnectclient.o
       212          0          0          0          0       2472   mqttdeserializepublish.o
       502         22          0          4          0      10406   mqttpacket.o
       100          0          0          0          0       2383   mqttserializepublish.o
       310          0          0          0          0       3539   mqttsubscribeclient.o
       616         76          0          0          0       5026   myiic.o
       366        216          0          0          0       2515   netbuf.o
       402        124          0         12          0       7979   netif.o
      3222       1632          0          0          0      10635   pbuf.o
       198          8          0          0          0       2845   pcf8574.o
      1034        384          0         12          0      10985   port.o
      2038        318          0          0         64      15424   queue.o
       506        142          0          4          0       5660   raw.o
         0          0          0          0          0       4068   socket.o
      3582        968         64          8         96      18206   sockets.o
        36          8        428          0       1536        860   startup_stm32f429xx.o
       136         14          0         12          0       9605   stm32f4xx_hal.o
       198         14          0          0          0      34079   stm32f4xx_hal_cortex.o
      1864         70          0          0          0      11487   stm32f4xx_hal_eth.o
       478         54          0          0          0       2484   stm32f4xx_hal_gpio.o
        48          6          0          0          0        902   stm32f4xx_hal_msp.o
       112         14          0          0          0       1332   stm32f4xx_hal_pwr_ex.o
      1344         82          0          0          0       5868   stm32f4xx_hal_rcc.o
       394         10          0          0          0       2120   stm32f4xx_hal_uart.o
        12          0          0          0          0       2921   stm32f4xx_it.o
        16          0          0          0          0        508   sys.o
       834        120          4          4          0      12911   sys_arch.o
        28          6         24          4          0       1227   system_stm32f4xx.o
      2758        672          0         60        740      30159   tasks.o
      4494       1756        201         36          0      31898   tcp.o
      4508        996          0         28         20      16951   tcp_in.o
      4602       1512         85          0          0      17159   tcp_out.o
       596        276          0         12          0       8978   tcpip.o
      1140        258          0         20         40      10126   timers.o
       628        214          0          8          0       6339   timers_1.o
       164         22          0          4          0       3288   transport.o
       200         28          0          0         64       2324   uart.o
      1302        368          0          8          0      10533   udp.o
         0          0          0          0          0        996   udp_demo.o

    ----------------------------------------------------------------------
     66514      20530       1068        372      80328    1318376   Object Totals
         0          0         32          0          0          0   (incl. Generated)
        94          0          6          3          4          0   (incl. Padding)

    ----------------------------------------------------------------------

      Code (inc. data)   RO Data    RW Data    ZI Data      Debug   Library Member Name

        40         10          0          0          0        128   strtod.o
        58          0          0          0          0          0   __dczerorl.o
        64          0          0          0          0         84   _sgetc.o
        40          6         64          0          0         68   ctype_c.o
         0          0          0          0          0          0   entry.o
         0          0          0          0          0          0   entry10a.o
         0          0          0          0          0          0   entry11a.o
         8          4          0          0          0          0   entry2.o
         4          0          0          0          0          0   entry5.o
         0          0          0          0          0          0   entry7b.o
         0          0          0          0          0          0   entry8b.o
         8          4          0          0          0          0   entry9a.o
        30          0          0          0          0          0   handlers.o
        36          8          0          0          0         68   init.o
        10          0          0          0          0         68   isspace_c.o
         0          0          0          0          0          0   iusefp.o
        30          0          0          0          0         68   llshl.o
        36          0          0          0          0         68   llsshr.o
        32          0          0          0          0         68   llushr.o
       360         30          0          0          0        356   mallocr.o
        26          0          0          0          0         80   memcmp.o
        36          0          0          0          0         68   memcpya.o
        36          0          0          0          0        108   memseta.o
         0          0          0          8          0          0   mvars.o
      2258         90          0          0          0        452   printfa.o
       878         12          0          0          0        216   scanf_fp.o
         0          0          0          4          0          0   stdout.o
        28          0          0          0          0         76   strcmp.o
        14          0          0          0          0         68   strlen.o
        30          0          0          0          0         80   strncmp.o
       156         12          0          0          0        120   strtod.o
        12          0          0          0          0         68   tolower.o
        44          0          0          0          0         80   uidiv.o
        98          0          0          0          0         92   uldiv.o
        48          0          0          0          0         68   cdcmple.o
        48          0          0          0          0         68   cdrcmple.o
        56          0          0          0          0         88   d2f.o
       334          0          0          0          0        148   dadd.o
       222          0          0          0          0        100   ddiv.o
       186          0          0          0          0        176   depilogue.o
        62          0          0          0          0         80   dfixi.o
        48          0          0          0          0         68   dfixul.o
        24          0          0          0          0         76   dfltul.o
       228          0          0          0          0         96   dmul.o
       110          0          0          0          0        168   fepilogue.o

    ----------------------------------------------------------------------
      5746        176         64         12          0       3620   Library Totals
         8          0          0          0          0          0   (incl. Padding)

    ----------------------------------------------------------------------

      Code (inc. data)   RO Data    RW Data    ZI Data      Debug   Library Name

        40         10          0          0          0        128   m_wm.l
      4332        166         64         12          0       2356   mc_w.l
      1366          0          0          0          0       1136   mf_w.l

    ----------------------------------------------------------------------
      5746        176         64         12          0       3620   Library Totals

    ----------------------------------------------------------------------

==============================================================================


      Code (inc. data)   RO Data    RW Data    ZI Data      Debug   

     72260      20706       1132        384      80328    1278608   Grand Totals
     72260      20706       1132         40      80328    1278608   ELF Image Totals (compressed)
     72260      20706       1132         40          0          0   ROM Totals

==============================================================================

    Total RO  Size (Code + RO Data)                73392 (  71.67kB)
    Total RW  Size (RW Data + ZI Data)             80712 (  78.82kB)
    Total ROM Size (Code + RO Data + RW Data)      73432 (  71.71kB)

==============================================================================

